 gamex86

 Timestamp is 5ac071fc (Sun Apr 01 07:45:32 2018)

 Preferred load address is 10000000

 Start         Length     Name                   Class
 0001:00000000 000c3e47H .text                   CODE
 0001:000c3e50 00000139H .text$x                 CODE
 0002:00000000 00000198H .idata$5                DATA
 0002:00000198 00000004H .CRT$XCA                DATA
 0002:0000019c 00000004H .CRT$XCZ                DATA
 0002:000001a0 00000004H .CRT$XIA                DATA
 0002:000001a4 00000014H .CRT$XIC                DATA
 0002:000001b8 00000004H .CRT$XIZ                DATA
 0002:000001bc 00000004H .CRT$XPA                DATA
 0002:000001c0 00000008H .CRT$XPX                DATA
 0002:000001c8 00000004H .CRT$XPXA               DATA
 0002:000001cc 00000004H .CRT$XPZ                DATA
 0002:000001d0 00000004H .CRT$XTA                DATA
 0002:000001d4 00000004H .CRT$XTZ                DATA
 0002:000001e0 0001f770H .rdata                  DATA
 0002:0001f950 00000054H .rdata$debug            DATA
 0002:0001f9a4 000001c4H .rdata$r                DATA
 0002:0001fb70 00000030H .rdata$sxdata           DATA
 0002:0001fba0 00000004H .rtc$IAA                DATA
 0002:0001fba4 00000004H .rtc$IZZ                DATA
 0002:0001fba8 00000004H .rtc$TAA                DATA
 0002:0001fbac 00000004H .rtc$TZZ                DATA
 0002:0001fbb0 00000f80H .xdata$x                DATA
 0002:00020b30 00000028H .idata$2                DATA
 0002:00020b58 00000014H .idata$3                DATA
 0002:00020b6c 00000198H .idata$4                DATA
 0002:00020d04 0000073aH .idata$6                DATA
 0002:00021440 00000049H .edata                  DATA
 0003:00000000 0000a5a4H .data                   DATA
 0003:0000a5c0 00d16ab4H .bss                    DATA

  Address         Publics by Value              Rva+Base       Lib:Object

 0000:00000000       __except_list              00000000     <absolute>
 0000:0000000c       ___safe_se_handler_count   0000000c     <absolute>
 0000:00000000       ___ImageBase               10000000     <linker-defined>
 0001:00000000       _AI_SetSightClient         10001000 f   g_ai.obj
 0001:000000c0       _ai_move                   100010c0 f   g_ai.obj
 0001:000000f0       _ai_stand                  100010f0 f   g_ai.obj
 0001:00000330       _ai_walk                   10001330 f   g_ai.obj
 0001:00000420       _ai_charge                 10001420 f   g_ai.obj
 0001:000004c0       _ai_turn                   100014c0 f   g_ai.obj
 0001:00000520       _range                     10001520 f   g_ai.obj
 0001:000005c0       _visible                   100015c0 f   g_ai.obj
 0001:00000690       _infront                   10001690 f   g_ai.obj
 0001:00000730       _HuntTarget                10001730 f   g_ai.obj
 0001:00000800       _FoundTarget               10001800 f   g_ai.obj
 0001:000009c0       _FindTarget                100019c0 f   g_ai.obj
 0001:00000e70       _FacingIdeal               10001e70 f   g_ai.obj
 0001:00000ed0       _M_CheckAttack             10001ed0 f   g_ai.obj
 0001:000011c0       _ai_run_melee              100021c0 f   g_ai.obj
 0001:00001220       _ai_run_missile            10002220 f   g_ai.obj
 0001:00001280       _ai_run_slide              10002280 f   g_ai.obj
 0001:00001340       _ai_checkattack            10002340 f   g_ai.obj
 0001:00001750       _ai_run                    10002750 f   g_ai.obj
 0001:00002180       _UpdateChaseCam            10003180 f   g_chase.obj
 0001:00002a00       _ChaseNext                 10003a00 f   g_chase.obj
 0001:00002ac0       _ChasePrev                 10003ac0 f   g_chase.obj
 0001:00002b80       _ClientTeam                10003b80 f   g_cmds.obj
 0001:00002c20       _OnSameTeam                10003c20 f   g_cmds.obj
 0001:00002cc0       _SelectNextItem            10003cc0 f   g_cmds.obj
 0001:00002db0       _SelectPrevItem            10003db0 f   g_cmds.obj
 0001:00002ea0       _ValidateSelectedItem      10003ea0 f   g_cmds.obj
 0001:00002ee0       _Cmd_Give_f                10003ee0 f   g_cmds.obj
 0001:000032a0       _Cmd_God_f                 100042a0 f   g_cmds.obj
 0001:00003340       _Cmd_Notarget_f            10004340 f   g_cmds.obj
 0001:000033e0       _Cmd_Noclip_no_f           100043e0 f   g_cmds.obj
 0001:000033f0       _Cmd_Noclip_f              100043f0 f   g_cmds.obj
 0001:00003490       _Cmd_Use_f                 10004490 f   g_cmds.obj
 0001:00003550       _Cmd_Drop_f                10004550 f   g_cmds.obj
 0001:00003560       _Cmd_Inven_f               10004560 f   g_cmds.obj
 0001:00003610       _Cmd_InvUse_f              10004610 f   g_cmds.obj
 0001:000036c0       _Cmd_LastWeap_f            100046c0 f   g_cmds.obj
 0001:00003720       _Cmd_WeapPrev_f            10004720 f   g_cmds.obj
 0001:00003800       _Cmd_WeapNext_f            10004800 f   g_cmds.obj
 0001:000038e0       _Cmd_WeapLast_f            100048e0 f   g_cmds.obj
 0001:00003980       _Cmd_InvDrop_f             10004980 f   g_cmds.obj
 0001:00003990       _Cmd_Kill_f                10004990 f   g_cmds.obj
 0001:00003d50       _Cmd_PutAway_f             10004d50 f   g_cmds.obj
 0001:00003dc0       _PlayerSort                10004dc0 f   g_cmds.obj
 0001:00003e40       _Cmd_Players_f             10004e40 f   g_cmds.obj
 0001:00003fd0       _Cmd_Wave_f                10004fd0 f   g_cmds.obj
 0001:000040e0       _CheckFlood                100050e0 f   g_cmds.obj
 0001:00004250       _Cmd_Say_f                 10005250 f   g_cmds.obj
 0001:00004560       _Infinite_Loop             10005560 f   g_cmds.obj
 0001:00004580       _ClientCommand             10005580 f   g_cmds.obj
 0001:00005b30       _CanDamage                 10006b30 f   g_combat.obj
 0001:00005e90       _Killed                    10006e90 f   g_combat.obj
 0001:00006010       _SpawnDamage               10007010 f   g_combat.obj
 0001:00006080       _M_ReactToDamage           10007080 f   g_combat.obj
 0001:000062f0       _CheckTeamDamage           100072f0 f   g_combat.obj
 0001:00006360       _T_Damage                  10007360 f   g_combat.obj
 0001:00006cf0       _T_RadiusDamage            10007cf0 f   g_combat.obj
 0001:00006eb0       _stuffcmd                  10007eb0 f   g_ctf.obj
 0001:00006ef0       _CTFSpawn                  10007ef0 f   g_ctf.obj
 0001:00006f90       _CTFInit                   10007f90 f   g_ctf.obj
 0001:000070e0       _CTFPrecache               100080e0 f   g_ctf.obj
 0001:000070f0       _CTFTeamName               100080f0 f   g_ctf.obj
 0001:00007160       _CTFOtherTeamName          10008160 f   g_ctf.obj
 0001:000071d0       _CTFOtherTeam              100081d0 f   g_ctf.obj
 0001:00007210       _CTFAssignSkin             10008210 f   g_ctf.obj
 0001:00007500       _CTFAssignTeam             10008500 f   g_ctf.obj
 0001:00007560       _SelectCTFSpawnPoint       10008560 f   g_ctf.obj
 0001:00007730       _CTFFragBonuses            10008730 f   g_ctf.obj
 0001:000080b0       _CTFCheckHurtCarrier       100090b0 f   g_ctf.obj
 0001:00008150       _CTFResetFlag              10009150 f   g_ctf.obj
 0001:00008210       _CTFResetFlags             10009210 f   g_ctf.obj
 0001:00008240       _CTFPickup_Flag            10009240 f   g_ctf.obj
 0001:000084c0       _CTFDeadDropFlag           100094c0 f   g_ctf.obj
 0001:00008560       _CTFDrop_Flag              10009560 f   g_ctf.obj
 0001:000085b0       _CTFFlagSetup              100095b0 f   g_ctf.obj
 0001:00008860       _CTFEffects                10009860 f   g_ctf.obj
 0001:00008a60       _CTFCalcScores             10009a60 f   g_ctf.obj
 0001:00008bd0       _CTFID_f                   10009bd0 f   g_ctf.obj
 0001:00008c40       _SetCTFStats               10009c40 f   g_ctf.obj
 0001:00009890       _SP_info_player_team1      1000a890 f   g_ctf.obj
 0001:000098a0       _SP_info_player_team2      1000a8a0 f   g_ctf.obj
 0001:000098b0       _CTFPlayerResetGrapple     1000a8b0 f   g_ctf.obj
 0001:000098f0       _CTFResetGrapple           1000a8f0 f   g_ctf.obj
 0001:000099d0       _CTFGrappleTouch           1000a9d0 f   g_ctf.obj
 0001:00009bf0       _CTFGrappleDrawCable       1000abf0 f   g_ctf.obj
 0001:00009da0       _CTFGrapplePull            1000ada0 f   g_ctf.obj
 0001:0000a250       _CTFFireGrapple            1000b250 f   g_ctf.obj
 0001:0000a470       _CTFGrappleFire            1000b470 f   g_ctf.obj
 0001:0000a5e0       _CTFWeapon_Grapple_Fire    1000b5e0 f   g_ctf.obj
 0001:0000a630       _CTFWeapon_Grapple         1000b630 f   g_ctf.obj
 0001:0000a7b0       _CTFTeam_f                 1000b7b0 f   g_ctf.obj
 0001:0000abd0       _JumpModScoreboardMessage  1000bbd0 f   g_ctf.obj
 0001:0000b750       _CTFHasTech                1000c750 f   g_ctf.obj
 0001:0000b7a0       _CTFWhat_Tech              1000c7a0 f   g_ctf.obj
 0001:0000b820       _CTFPickup_Tech            1000c820 f   g_ctf.obj
 0001:0000b900       _CTFDrop_Tech              1000c900 f   g_ctf.obj
 0001:0000ba60       _CTFDeadDropTech           1000ca60 f   g_ctf.obj
 0001:0000bd60       _CTFRespawnTech            1000cd60 f   g_ctf.obj
 0001:0000bda0       _CTFSetupTechSpawn         1000cda0 f   g_ctf.obj
 0001:0000be60       _CTFResetTech              1000ce60 f   g_ctf.obj
 0001:0000bef0       _CTFApplyResistance        1000cef0 f   g_ctf.obj
 0001:0000bfc0       _CTFApplyStrength          1000cfc0 f   g_ctf.obj
 0001:0000c030       _CTFApplyStrengthSound     1000d030 f   g_ctf.obj
 0001:0000c180       _CTFApplyHaste             1000d180 f   g_ctf.obj
 0001:0000c1f0       _CTFApplyHasteSound        1000d1f0 f   g_ctf.obj
 0001:0000c2f0       _CTFApplyRegeneration      1000d2f0 f   g_ctf.obj
 0001:0000c500       _CTFHasRegeneration        1000d500 f   g_ctf.obj
 0001:0000c570       _CTFSay_Team               1000d570 f   g_ctf.obj
 0001:0000d4b0       _SP_misc_ctf_banner        1000e4b0 f   g_ctf.obj
 0001:0000d5a0       _SP_misc_ctf_small_banner  1000e5a0 f   g_ctf.obj
 0001:0000d640       _CTFBeginElection          1000e640 f   g_ctf.obj
 0001:0000d8f0       _CTFResetAllPlayers        1000e8f0 f   g_ctf.obj
 0001:0000daa0       _CTFAssignGhost            1000eaa0 f   g_ctf.obj
 0001:0000dc10       _CTFStartMatch             1000ec10 f   g_ctf.obj
 0001:0000ddf0       _CTFEndMatch               1000edf0 f   g_ctf.obj
 0001:0000df20       _CTFNextMap                1000ef20 f   g_ctf.obj
 0001:0000df60       _CTFWinElection            1000ef60 f   g_ctf.obj
 0001:0000e380       _CTFVoteYes                1000f380 f   g_ctf.obj
 0001:0000e4b0       _CTFVoteNo                 1000f4b0 f   g_ctf.obj
 0001:0000e5b0       _CTFReady                  1000f5b0 f   g_ctf.obj
 0001:0000e7a0       _CTFNotReady               1000f7a0 f   g_ctf.obj
 0001:0000e8a0       _CTFGhost                  1000f8a0 f   g_ctf.obj
 0001:0000ea90       _CTFMatchSetup             1000fa90 f   g_ctf.obj
 0001:0000eac0       _CTFMatchOn                1000fac0 f   g_ctf.obj
 0001:0000eaf0       _CTFJoinTeam               1000faf0 f   g_ctf.obj
 0001:0000ee10       _CTFAutoJoinTeam           1000fe10 f   g_ctf.obj
 0001:0000f0e0       _CTFJoinTeam1              100100e0 f   g_ctf.obj
 0001:0000f3a0       _CTFJoinTeam2              100103a0 f   g_ctf.obj
 0001:0000f640       _CTFChaseCam               10010640 f   g_ctf.obj
 0001:0000f810       _CTFReturnToMain           10010810 f   g_ctf.obj
 0001:0000f840       _CTFRequestMatch           10010840 f   g_ctf.obj
 0001:0000f960       _CTFShowScores             10010960 f   g_ctf.obj
 0001:0000f9e0       _CTFUpdateJoinMenu         100109e0 f   g_ctf.obj
 0001:0000fe60       _CTFOpenJoinMenu           10010e60 f   g_ctf.obj
 0001:0000fed0       _CTFCredits                10010ed0 f   g_ctf.obj
 0001:0000ff10       _CTFStartClient            10010f10 f   g_ctf.obj
 0001:0000fff0       _CTFObserver               10010ff0 f   g_ctf.obj
 0001:00010120       _CTFInMatch                10011120 f   g_ctf.obj
 0001:00010150       _CTFCheckRules             10011150 f   g_ctf.obj
 0001:00010760       _SP_trigger_teleport       10011760 f   g_ctf.obj
 0001:00010ab0       _SP_info_teleport_destination 10011ab0 f   g_ctf.obj
 0001:00010ae0       _CTFAdmin_SettingsApply    10011ae0 f   g_ctf.obj
 0001:00010fb0       _CTFAdmin_SettingsCancel   10011fb0 f   g_ctf.obj
 0001:00010ff0       _CTFAdmin_ChangeMatchLen   10011ff0 f   g_ctf.obj
 0001:00011040       _CTFAdmin_ChangeMatchSetupLen 10012040 f   g_ctf.obj
 0001:000110a0       _CTFAdmin_ChangeMatchStartLen 100120a0 f   g_ctf.obj
 0001:00011100       _CTFAdmin_ChangeWeapStay   10012100 f   g_ctf.obj
 0001:00011140       _CTFAdmin_ChangeInstantItems 10012140 f   g_ctf.obj
 0001:00011180       _CTFAdmin_ChangeQuadDrop   10012180 f   g_ctf.obj
 0001:000111c0       _CTFAdmin_ChangeMatchLock  100121c0 f   g_ctf.obj
 0001:00011200       _CTFAdmin_UpdateSettings   10012200 f   g_ctf.obj
 0001:00011480       _CTFAdmin_Settings         10012480 f   g_ctf.obj
 0001:000115a0       _CTFAdmin_MatchSet         100125a0 f   g_ctf.obj
 0001:00011680       _CTFAdmin_MatchMode        10012680 f   g_ctf.obj
 0001:000116e0       _CTFAdmin_Reset            100126e0 f   g_ctf.obj
 0001:00011730       _CTFAdmin_Cancel           10012730 f   g_ctf.obj
 0001:00011750       _CTFOpenAdminMenu          10012750 f   g_ctf.obj
 0001:00011830       _CTFAdmin                  10012830 f   g_ctf.obj
 0001:000119c0       _CTFStats                  100129c0 f   g_ctf.obj
 0001:00011cb0       _CTFPlayerList             10012cb0 f   g_ctf.obj
 0001:00011fe0       _IsString                  10012fe0 f   g_ctf.obj
 0001:00012040       _CTFWarp                   10013040 f   g_ctf.obj
 0001:00012fa0       _CTFBoot                   10013fa0 f   g_ctf.obj
 0001:000134b0       _CTFSetPowerUpEffect       100144b0 f   g_ctf.obj
 0001:00013520       _sort_votemaps             10014520 f   g_ctf.obj
 0001:000135d0       _UpdateVoteMaps            100145d0 f   g_ctf.obj
 0001:00013630       _GenerateVoteMaps          10014630 f   g_ctf.obj
 0001:000136f0       _CTFCreateVoteMenu         100146f0 f   g_ctf.obj
 0001:000139f0       _CTFUpdateVoteMenu         100149f0 f   g_ctf.obj
 0001:00013f40       _CTFVoteChoice0            10014f40 f   g_ctf.obj
 0001:00013fc0       _CTFVoteChoice1            10014fc0 f   g_ctf.obj
 0001:00014040       _CTFVoteChoice2            10015040 f   g_ctf.obj
 0001:000140c0       _CTFVoteChoice3            100150c0 f   g_ctf.obj
 0001:00014140       _CTFOpenVoteMenu           10015140 f   g_ctf.obj
 0001:000141a0       _CTFHelp                   100151a0 f   g_ctf.obj
 0001:000141e0       _CTFHelp_main              100151e0 f   g_ctf.obj
 0001:00014220       _CTFHelp_misc              10015220 f   g_ctf.obj
 0001:00014260       _CTFHelp_antiglue          10015260 f   g_ctf.obj
 0001:000142a0       _CTFHelp_vote              100152a0 f   g_ctf.obj
 0001:000142e0       _Get_Voting_Clients        100152e0 f   g_ctf.obj
 0001:00014380       _Move_Done                 10015380 f   g_func.obj
 0001:000143d0       _Move_Final                100153d0 f   g_func.obj
 0001:00014460       _Move_Begin                10015460 f   g_func.obj
 0001:00014540       _Move_Calc                 10015540 f   g_func.obj
 0001:000146a0       _AngleMove_Done            100156a0 f   g_func.obj
 0001:000146f0       _AngleMove_Final           100156f0 f   g_func.obj
 0001:000147e0       _AngleMove_Begin           100157e0 f   g_func.obj
 0001:00014910       _AngleMove_Calc            10015910 f   g_func.obj
 0001:000149b0       _plat_CalcAcceleratedMove  100159b0 f   g_func.obj
 0001:00014ae0       _plat_Accelerate           10015ae0 f   g_func.obj
 0001:00014cf0       _Think_AccelMove           10015cf0 f   g_func.obj
 0001:00014de0       _plat_hit_top              10015de0 f   g_func.obj
 0001:00014e80       _plat_hit_bottom           10015e80 f   g_func.obj
 0001:00014f00       _plat_go_down              10015f00 f   g_func.obj
 0001:00014fa0       _plat_go_up                10015fa0 f   g_func.obj
 0001:00015040       _plat_blocked              10016040 f   g_func.obj
 0001:00015120       _Use_Plat                  10016120 f   g_func.obj
 0001:00015150       _Touch_Plat_Center         10016150 f   g_func.obj
 0001:000151c0       _plat_spawn_inside_trigger 100161c0 f   g_func.obj
 0001:00015380       _SP_func_plat              10016380 f   g_func.obj
 0001:00015750       _rotating_blocked          10016750 f   g_func.obj
 0001:000157a0       _rotating_touch            100167a0 f   g_func.obj
 0001:00015830       _rotating_use              10016830 f   g_func.obj
 0001:000158f0       _SP_func_rotating          100168f0 f   g_func.obj
 0001:00015ae0       _button_done               10016ae0 f   g_func.obj
 0001:00015b30       _button_return             10016b30 f   g_func.obj
 0001:00015b90       _button_wait               10016b90 f   g_func.obj
 0001:00015c30       _button_fire               10016c30 f   g_func.obj
 0001:00015cd0       _button_use                10016cd0 f   g_func.obj
 0001:00015d00       _button_touch              10016d00 f   g_func.obj
 0001:00015d50       _button_killed             10016d50 f   g_func.obj
 0001:00015da0       _SP_func_button            10016da0 f   g_func.obj
 0001:00016140       _door_use_areaportals      10017140 f   g_func.obj
 0001:000161c0       _door_hit_top              100171c0 f   g_func.obj
 0001:00016280       _door_hit_bottom           10017280 f   g_func.obj
 0001:00016310       _door_go_down              10017310 f   g_func.obj
 0001:00016420       _door_go_up                10017420 f   g_func.obj
 0001:00016570       _door_use                  10017570 f   g_func.obj
 0001:00016650       _Touch_DoorTrigger         10017650 f   g_func.obj
 0001:00016700       _Think_CalcMoveSpeed       10017700 f   g_func.obj
 0001:00016880       _Think_SpawnDoorTrigger    10017880 f   g_func.obj
 0001:00016a30       _door_blocked              10017a30 f   g_func.obj
 0001:00016b70       _door_killed               10017b70 f   g_func.obj
 0001:00016be0       _door_touch                10017be0 f   g_func.obj
 0001:00016ca0       _SP_func_door              10017ca0 f   g_func.obj
 0001:000171f0       _SP_func_door_rotating     100181f0 f   g_func.obj
 0001:000177b0       _SP_func_water             100187b0 f   g_func.obj
 0001:00017bc0       _train_blocked             10018bc0 f   g_func.obj
 0001:00017ca0       _train_wait                10018ca0 f   g_func.obj
 0001:00017e40       _train_next                10018e40 f   g_func.obj
 0001:00018130       _train_resume              10019130 f   g_func.obj
 0001:00018210       _func_train_find           10019210 f   g_func.obj
 0001:00018340       _train_use                 10019340 f   g_func.obj
 0001:000183f0       _SP_func_train             100193f0 f   g_func.obj
 0001:00018580       _trigger_elevator_use      10019580 f   g_func.obj
 0001:00018630       _trigger_elevator_init     10019630 f   g_func.obj
 0001:00018700       _SP_trigger_elevator       10019700 f   g_func.obj
 0001:00018740       _func_timer_think          10019740 f   g_func.obj
 0001:000187b0       _func_timer_use            100197b0 f   g_func.obj
 0001:00018830       _SP_func_timer             10019830 f   g_func.obj
 0001:00018960       _func_conveyor_use         10019960 f   g_func.obj
 0001:000189f0       _SP_func_conveyor          100199f0 f   g_func.obj
 0001:00018aa0       _door_secret_use           10019aa0 f   g_func.obj
 0001:00018b00       _door_secret_move1         10019b00 f   g_func.obj
 0001:00018b40       _door_secret_move2         10019b40 f   g_func.obj
 0001:00018b70       _door_secret_move3         10019b70 f   g_func.obj
 0001:00018bc0       _door_secret_move4         10019bc0 f   g_func.obj
 0001:00018bf0       _door_secret_move5         10019bf0 f   g_func.obj
 0001:00018c30       _door_secret_move6         10019c30 f   g_func.obj
 0001:00018c60       _door_secret_done          10019c60 f   g_func.obj
 0001:00018cc0       _door_secret_blocked       10019cc0 f   g_func.obj
 0001:00018d90       _door_secret_die           10019d90 f   g_func.obj
 0001:00018dd0       _SP_func_door_secret       10019dd0 f   g_func.obj
 0001:00019140       _use_killbox               1001a140 f   g_func.obj
 0001:00019160       _SP_func_killbox           1001a160 f   g_func.obj
 0001:000191b0       _Use_Jet                   1001a1b0 f   g_items.obj
 0001:000192a0       _GetItemByIndex            1001a2a0 f   g_items.obj
 0001:000192d0       _FindItemByClassname       1001a2d0 f   g_items.obj
 0001:00019340       _FindItem                  1001a340 f   g_items.obj
 0001:000193b0       _DoRespawn                 1001a3b0 f   g_items.obj
 0001:000194d0       _SetRespawn                1001a4d0 f   g_items.obj
 0001:00019550       _Pickup_Powerup            1001a550 f   g_items.obj
 0001:000198c0       _Drop_General              1001a8c0 f   g_items.obj
 0001:00019930       _Pickup_Adrenaline         1001a930 f   g_items.obj
 0001:00019a10       _Pickup_AncientHead        1001aa10 f   g_items.obj
 0001:00019aa0       _Pickup_Bandolier          1001aaa0 f   g_items.obj
 0001:00019c90       _Pickup_Pack               1001ac90 f   g_items.obj
 0001:0001a120       _Use_Quad                  1001b120 f   g_items.obj
 0001:0001a220       _Use_Breather              1001b220 f   g_items.obj
 0001:0001a2d0       _Use_Envirosuit            1001b2d0 f   g_items.obj
 0001:0001a380       _Use_Invulnerability       1001b380 f   g_items.obj
 0001:0001a460       _Use_Silencer              1001b460 f   g_items.obj
 0001:0001a4e0       _Pickup_Key                1001b4e0 f   g_items.obj
 0001:0001bca0       _Add_Ammo                  1001cca0 f   g_items.obj
 0001:0001bde0       _Pickup_Ammo               1001cde0 f   g_items.obj
 0001:0001bf70       _Drop_Ammo                 1001cf70 f   g_items.obj
 0001:0001c020       _MegaHealth_think          1001d020 f   g_items.obj
 0001:0001c0f0       _Pickup_Health             1001d0f0 f   g_items.obj
 0001:0001c2b0       _ArmorIndex                1001d2b0 f   g_items.obj
 0001:0001c330       _Pickup_Armor              1001d330 f   g_items.obj
 0001:0001c5a0       _PowerArmorType            1001d5a0 f   g_items.obj
 0001:0001c610       _Use_PowerArmor            1001d610 f   g_items.obj
 0001:0001c710       _Pickup_PowerArmor         1001d710 f   g_items.obj
 0001:0001c880       _Drop_PowerArmor           1001d880 f   g_items.obj
 0001:0001c8f0       _Touch_Item                1001d8f0 f   g_items.obj
 0001:0001cbc0       _Drop_Item                 1001dbc0 f   g_items.obj
 0001:0001cee0       _Use_Item                  1001dee0 f   g_items.obj
 0001:0001cf70       _droptofloor               1001df70 f   g_items.obj
 0001:0001d2e0       _PrecacheItem              1001e2e0 f   g_items.obj
 0001:0001d500       _SpawnItem                 1001e500 f   g_items.obj
 0001:0001d820       _SP_item_health            1001e820 f   g_items.obj
 0001:0001d8b0       _SP_item_health_small      1001e8b0 f   g_items.obj
 0001:0001d950       _SP_item_health_large      1001e950 f   g_items.obj
 0001:0001d9e0       _SP_item_health_mega       1001e9e0 f   g_items.obj
 0001:0001da80       _InitItems                 1001ea80 f   g_items.obj
 0001:0001daa0       _SetItemNames              1001eaa0 f   g_items.obj
 0001:0001dba0       _SP_jumpbox_small          1001eba0 f   g_items.obj
 0001:0001dc70       _SP_jumpbox_medium         1001ec70 f   g_items.obj
 0001:0001dd40       _SP_jumpbox_large          1001ed40 f   g_items.obj
 0001:0001de10       _SP_effect                 1001ee10 f   g_items.obj
 0001:0001dee0       _SP_jump_score_think       1001eee0 f   g_items.obj
 0001:0001e0b0       _SP_jump_score             1001f0b0 f   g_items.obj
 0001:0001e930       _SP_jump_time_think        1001f930 f   g_items.obj
 0001:0001eab0       _SP_jump_time              1001fab0 f   g_items.obj
 0001:0001f330       _SP_jump_clip              10020330 f   g_items.obj
 0001:0001f3a0       _ShutdownGame              100203a0 f   g_main.obj
 0001:0001f3e0       _GetGameAPI                100203e0 f   g_main.obj
 0001:0001f4b0       _Sys_Error                 100204b0 f   g_main.obj
 0001:0001f510       _Com_Printf                10020510 f   g_main.obj
 0001:0001f570       _ClientEndServerFrames     10020570 f   g_main.obj
 0001:0001f7f0       _CreateTargetChangeLevel   100207f0 f   g_main.obj
 0001:0001f840       _GetLargestVote            10020840 f   g_main.obj
 0001:0001f930       _EndDMLevel                10020930 f   g_main.obj
 0001:0001fba0       _End_Jumping               10020ba0 f   g_main.obj
 0001:0001fd60       _End_Overtime              10020d60 f   g_main.obj
 0001:000201d0       _End_Voting                100211d0 f   g_main.obj
 0001:000201e0       _CheckDMRules              100211e0 f   g_main.obj
 0001:00020500       _ExitLevel                 10021500 f   g_main.obj
 0001:000206e0       _G_RunFrame                100216e0 f   g_main.obj
 0001:000210f0       _Use_Areaportal            100220f0 f   g_misc.obj
 0001:00021140       _SP_func_areaportal        10022140 f   g_misc.obj
 0001:00021170       _VelocityForDamage         10022170 f   g_misc.obj
 0001:00021240       _ClipGibVelocity           10022240 f   g_misc.obj
 0001:00021340       _gib_think                 10022340 f   g_misc.obj
 0001:000213d0       _gib_touch                 100223d0 f   g_misc.obj
 0001:000214b0       _gib_die                   100224b0 f   g_misc.obj
 0001:000214d0       _ThrowGib                  100224d0 f   g_misc.obj
 0001:00021770       _ThrowHead                 10022770 f   g_misc.obj
 0001:00021980       _ThrowClientHead           10022980 f   g_misc.obj
 0001:00021b20       _debris_die                10022b20 f   g_misc.obj
 0001:00021b40       _ThrowDebris               10022b40 f   g_misc.obj
 0001:00021d60       _BecomeExplosion1          10022d60 f   g_misc.obj
 0001:00021e70       _BecomeExplosion2          10022e70 f   g_misc.obj
 0001:00021ed0       _path_corner_touch         10022ed0 f   g_misc.obj
 0001:000220e0       _SP_path_corner            100230e0 f   g_misc.obj
 0001:000221d0       _point_combat_touch        100231d0 f   g_misc.obj
 0001:00022410       _SP_point_combat           10023410 f   g_misc.obj
 0001:000224e0       _TH_viewthing              100234e0 f   g_misc.obj
 0001:00022570       _SP_viewthing              10023570 f   g_misc.obj
 0001:00022650       _SP_info_null              10023650 f   g_misc.obj
 0001:00022670       _SP_info_notnull           10023670 f   g_misc.obj
 0001:000226e0       _SP_light                  100236e0 f   g_misc.obj
 0001:00022800       _func_wall_use             10023800 f   g_misc.obj
 0001:000228a0       _SP_func_wall              100238a0 f   g_misc.obj
 0001:00022a00       _func_object_touch         10023a00 f   g_misc.obj
 0001:00022a70       _func_object_release       10023a70 f   g_misc.obj
 0001:00022aa0       _func_object_use           10023aa0 f   g_misc.obj
 0001:00022b00       _SP_func_object            10023b00 f   g_misc.obj
 0001:00022cb0       _func_explosive_explode    10023cb0 f   g_misc.obj
 0001:00023030       _func_explosive_use        10024030 f   g_misc.obj
 0001:00023070       _func_explosive_spawn      10024070 f   g_misc.obj
 0001:000230d0       _SP_func_explosive         100240d0 f   g_misc.obj
 0001:00023220       _barrel_touch              10024220 f   g_misc.obj
 0001:000232c0       _barrel_explode            100242c0 f   g_misc.obj
 0001:00023d10       _barrel_delay              10024d10 f   g_misc.obj
 0001:00023d60       _SP_misc_explobox          10024d60 f   g_misc.obj
 0001:00023f10       _misc_blackhole_use        10024f10 f   g_misc.obj
 0001:00023f30       _misc_blackhole_think      10024f30 f   g_misc.obj
 0001:00023f90       _SP_misc_blackhole         10024f90 f   g_misc.obj
 0001:00024070       _misc_eastertank_think     10025070 f   g_misc.obj
 0001:000240e0       _SP_misc_eastertank        100250e0 f   g_misc.obj
 0001:000241c0       _misc_easterchick_think    100251c0 f   g_misc.obj
 0001:00024230       _SP_misc_easterchick       10025230 f   g_misc.obj
 0001:00024300       _misc_easterchick2_think   10025300 f   g_misc.obj
 0001:00024370       _SP_misc_easterchick2      10025370 f   g_misc.obj
 0001:00024440       _commander_body_think      10025440 f   g_misc.obj
 0001:000244d0       _commander_body_use        100254d0 f   g_misc.obj
 0001:00024540       _commander_body_drop       10025540 f   g_misc.obj
 0001:00024570       _SP_monster_commander_body 10025570 f   g_misc.obj
 0001:000246a0       _misc_banner_think         100256a0 f   g_misc.obj
 0001:000246f0       _SP_misc_banner            100256f0 f   g_misc.obj
 0001:00024780       _misc_deadsoldier_die      10025780 f   g_misc.obj
 0001:00024820       _SP_misc_deadsoldier       10025820 f   g_misc.obj
 0001:000249b0       _misc_viper_use            100259b0 f   g_misc.obj
 0001:00024a00       _SP_misc_viper             10025a00 f   g_misc.obj
 0001:00024b80       _SP_misc_bigviper          10025b80 f   g_misc.obj
 0001:00024c30       _misc_viper_bomb_touch     10025c30 f   g_misc.obj
 0001:00024cb0       _misc_viper_bomb_prethink  10025cb0 f   g_misc.obj
 0001:00024d50       _misc_viper_bomb_use       10025d50 f   g_misc.obj
 0001:00024e60       _SP_misc_viper_bomb        10025e60 f   g_misc.obj
 0001:00024f40       _misc_strogg_ship_use      10025f40 f   g_misc.obj
 0001:00024f90       _SP_misc_strogg_ship       10025f90 f   g_misc.obj
 0001:00025120       _misc_satellite_dish_think 10026120 f   g_misc.obj
 0001:00025160       _misc_satellite_dish_use   10026160 f   g_misc.obj
 0001:000251a0       _SP_misc_satellite_dish    100261a0 f   g_misc.obj
 0001:00025250       _SP_light_mine1            10026250 f   g_misc.obj
 0001:000252a0       _SP_light_mine2            100262a0 f   g_misc.obj
 0001:000252f0       _SP_misc_gib_arm           100262f0 f   g_misc.obj
 0001:00025420       _SP_misc_gib_leg           10026420 f   g_misc.obj
 0001:00025550       _SP_misc_gib_head          10026550 f   g_misc.obj
 0001:00025680       _SP_target_character       10026680 f   g_misc.obj
 0001:000256e0       _target_string_use         100266e0 f   g_misc.obj
 0001:000257d0       _SP_target_string          100267d0 f   g_misc.obj
 0001:00025810       _func_clock_think          10026810 f   g_misc.obj
 0001:00025cd0       _func_clock_use            10026cd0 f   g_misc.obj
 0001:00025d30       _SP_func_clock             10026d30 f   g_misc.obj
 0001:00025e70       _teleporter_touch          10026e70 f   g_misc.obj
 0001:00026070       _SP_misc_teleporter        10027070 f   g_misc.obj
 0001:00026240       _SP_misc_teleporter_dest   10027240 f   g_misc.obj
 0001:000262e0       _ThrowUpNow                100272e0 f   g_misc.obj
 0001:000264b0       _ThrowVomit                100274b0 f   g_misc.obj
 0001:00026720       _monster_fire_bullet       10027720 f   g_monster.obj
 0001:000267a0       _monster_fire_shotgun      100277a0 f   g_monster.obj
 0001:00026820       _monster_fire_blaster      10027820 f   g_monster.obj
 0001:000268a0       _monster_fire_grenade      100278a0 f   g_monster.obj
 0001:00026930       _monster_fire_rocket       10027930 f   g_monster.obj
 0001:000269c0       _monster_fire_railgun      100279c0 f   g_monster.obj
 0001:00026a30       _monster_fire_bfg          10027a30 f   g_monster.obj
 0001:00026ab0       _M_FlyCheck                10027ab0 f   g_monster.obj
 0001:00026be0       _AttackFinished            10027be0 f   g_monster.obj
 0001:00026c10       _M_CheckGround             10027c10 f   g_monster.obj
 0001:00026d50       _M_CatagorizePosition      10027d50 f   g_monster.obj
 0001:00026e40       _M_WorldEffects            10027e40 f   g_monster.obj
 0001:00027280       _M_droptofloor             10028280 f   g_monster.obj
 0001:00027380       _M_SetEffects              10028380 f   g_monster.obj
 0001:00027460       _M_MoveFrame               10028460 f   g_monster.obj
 0001:00027660       _monster_think             10028660 f   g_monster.obj
 0001:000276d0       _monster_use               100286d0 f   g_monster.obj
 0001:00027740       _monster_triggered_spawn   10028740 f   g_monster.obj
 0001:00027820       _monster_triggered_spawn_use 10028820 f   g_monster.obj
 0001:00027880       _monster_triggered_start   10028880 f   g_monster.obj
 0001:000278e0       _monster_death_use         100288e0 f   g_monster.obj
 0001:00027990       _monster_start             10028990 f   g_monster.obj
 0001:00027bc0       _monster_start_go          10028bc0 f   g_monster.obj
 0001:00027f60       _walkmonster_start_go      10028f60 f   g_monster.obj
 0001:00028050       _walkmonster_start         10029050 f   g_monster.obj
 0001:00028080       _flymonster_start_go       10029080 f   g_monster.obj
 0001:00028130       _flymonster_start          10029130 f   g_monster.obj
 0001:00028170       _swimmonster_start_go      10029170 f   g_monster.obj
 0001:000281e0       _swimmonster_start         100291e0 f   g_monster.obj
 0001:00028220       _SV_TestEntityPosition     10029220 f   g_phys.obj
 0001:000282c0       _SV_CheckVelocity          100292c0 f   g_phys.obj
 0001:00028360       _SV_RunThink               10029360 f   g_phys.obj
 0001:00028400       _SV_Impact                 10029400 f   g_phys.obj
 0001:00028490       _ClipVelocity              10029490 f   g_phys.obj
 0001:00028590       _SV_FlyMove                10029590 f   g_phys.obj
 0001:00028af0       _SV_AddGravity             10029af0 f   g_phys.obj
 0001:00028b40       _SV_PushEntity             10029b40 f   g_phys.obj
 0001:00028cc0       _SV_Push                   10029cc0 f   g_phys.obj
 0001:00029370       _SV_Physics_Pusher         1002a370 f   g_phys.obj
 0001:00029560       _SV_Physics_None           1002a560 f   g_phys.obj
 0001:00029580       _SV_Physics_Noclip         1002a580 f   g_phys.obj
 0001:00029610       _SV_Physics_Toss           1002a610 f   g_phys.obj
 0001:00029a10       _SV_AddRotationalFriction  1002aa10 f   g_phys.obj
 0001:00029b20       _SV_Physics_Step           1002ab20 f   g_phys.obj
 0001:00029fe0       _G_RunEntity               1002afe0 f   g_phys.obj
 0001:0002a0b0       _InitGame                  1002b0b0 f   g_save.obj
 0001:0002a9a0       _WriteField1               1002b9a0 f   g_save.obj
 0001:0002aae0       _WriteField2               1002bae0 f   g_save.obj
 0001:0002ab50       _ReadField                 1002bb50 f   g_save.obj
 0001:0002acf0       _WriteClient               1002bcf0 f   g_save.obj
 0001:0002adb0       _ReadClient                1002bdb0 f   g_save.obj
 0001:0002ae10       _WriteGame                 1002be10 f   g_save.obj
 0001:0002af10       _ReadGame                  1002bf10 f   g_save.obj
 0001:0002b060       _WriteEdict                1002c060 f   g_save.obj
 0001:0002b100       _WriteLevelLocals          1002c100 f   g_save.obj
 0001:0002b1c0       _ReadEdict                 1002c1c0 f   g_save.obj
 0001:0002b220       _ReadLevelLocals           1002c220 f   g_save.obj
 0001:0002b280       _WriteLevel                1002c280 f   g_save.obj
 0001:0002b380       _ReadLevel                 1002c380 f   g_save.obj
 0001:0002b640       _ED_CallSpawn              1002c640 f   g_spawn.obj
 0001:0002b740       _ED_NewString              1002c740 f   g_spawn.obj
 0001:0002b810       _ED_ParseField             1002c810 f   g_spawn.obj
 0001:0002b9a0       _ED_ParseEdict             1002c9a0 f   g_spawn.obj
 0001:0002bae0       _G_FindTeams               1002cae0 f   g_spawn.obj
 0001:0002bc80       _SpawnEntities             1002cc80 f   g_spawn.obj
 0001:0002c670       _SP_worldspawn             1002d670 f   g_spawn.obj
 0001:0002d0a0       _SVCmd_ChangePass_f        1002e0a0 f   g_svcmds.obj
 0001:0002d0b0       _SVCmd_AddMaps             1002e0b0 f   g_svcmds.obj
 0001:0002d0d0       _SV_FilterPacket           1002e0d0 f   g_svcmds.obj
 0001:0002d1f0       _SVCmd_AddIP_f             1002e1f0 f   g_svcmds.obj
 0001:0002d450       _SVCmd_RemoveIP_f          1002e450 f   g_svcmds.obj
 0001:0002d570       _SVCmd_ListIP_f            1002e570 f   g_svcmds.obj
 0001:0002d5f0       _SVCmd_WriteIP_f           1002e5f0 f   g_svcmds.obj
 0001:0002d770       _ServerCommand             1002e770 f   g_svcmds.obj
 0001:0002d860       _Use_Target_Tent           1002e860 f   g_target.obj
 0001:0002d8b0       _SP_target_temp_entity     1002e8b0 f   g_target.obj
 0001:0002d8d0       _Use_Target_Speaker        1002e8d0 f   g_target.obj
 0001:0002d980       _SP_target_speaker         1002e980 f   g_target.obj
 0001:0002dad0       _Use_Target_Help           1002ead0 f   g_target.obj
 0001:0002db40       _SP_target_help            1002eb40 f   g_target.obj
 0001:0002dbd0       _use_target_secret         1002ebd0 f   g_target.obj
 0001:0002dc40       _SP_target_secret          1002ec40 f   g_target.obj
 0001:0002dd30       _use_target_goal           1002ed30 f   g_target.obj
 0001:0002ddc0       _SP_target_goal            1002edc0 f   g_target.obj
 0001:0002de50       _target_explosion_explode  1002ee50 f   g_target.obj
 0001:0002df10       _use_target_explosion      1002ef10 f   g_target.obj
 0001:0002df80       _SP_target_explosion       1002ef80 f   g_target.obj
 0001:0002dfb0       _use_target_changelevel    1002efb0 f   g_target.obj
 0001:0002e100       _SP_target_changelevel     1002f100 f   g_target.obj
 0001:0002e1a0       _use_target_splash         1002f1a0 f   g_target.obj
 0001:0002e270       _SP_target_splash          1002f270 f   g_target.obj
 0001:0002e2d0       _use_target_spawner        1002f2d0 f   g_target.obj
 0001:0002e3c0       _SP_target_spawner         1002f3c0 f   g_target.obj
 0001:0002e440       _use_target_blaster        1002f440 f   g_target.obj
 0001:0002e4f0       _SP_target_blaster         1002f4f0 f   g_target.obj
 0001:0002e590       _trigger_crosslevel_trigger_use 1002f590 f   g_target.obj
 0001:0002e5d0       _SP_target_crosslevel_trigger 1002f5d0 f   g_target.obj
 0001:0002e600       _target_crosslevel_target_think 1002f600 f   g_target.obj
 0001:0002e650       _SP_target_crosslevel_target 1002f650 f   g_target.obj
 0001:0002e6c0       _target_laser_think        1002f6c0 f   g_target.obj
 0001:0002e9d0       _target_laser_on           1002f9d0 f   g_target.obj
 0001:0002ea40       _target_laser_off          1002fa40 f   g_target.obj
 0001:0002ea90       _target_laser_use          1002fa90 f   g_target.obj
 0001:0002eae0       _target_laser_start        1002fae0 f   g_target.obj
 0001:0002ed30       _SP_target_laser           1002fd30 f   g_target.obj
 0001:0002ed70       _target_lightramp_think    1002fd70 f   g_target.obj
 0001:0002ee80       _target_lightramp_use      1002fe80 f   g_target.obj
 0001:0002efd0       _SP_target_lightramp       1002ffd0 f   g_target.obj
 0001:0002f1b0       _target_earthquake_think   100301b0 f   g_target.obj
 0001:0002f360       _target_earthquake_use     10030360 f   g_target.obj
 0001:0002f3c0       _SP_target_earthquake      100303c0 f   g_target.obj
 0001:0002f490       _InitTrigger               10030490 f   g_trigger.obj
 0001:0002f510       _multi_wait                10030510 f   g_trigger.obj
 0001:0002f530       _multi_trigger             10030530 f   g_trigger.obj
 0001:0002f5e0       _Use_Multi                 100305e0 f   g_trigger.obj
 0001:0002f610       _Touch_Multi               10030610 f   g_trigger.obj
 0001:0002f6d0       _trigger_enable            100306d0 f   g_trigger.obj
 0001:0002f710       _SP_trigger_multiple       10030710 f   g_trigger.obj
 0001:0002f880       _SP_trigger_once           10030880 f   g_trigger.obj
 0001:0002f940       _trigger_relay_use         10030940 f   g_trigger.obj
 0001:0002f960       _SP_trigger_relay          10030960 f   g_trigger.obj
 0001:0002f980       _trigger_key_use           10030980 f   g_trigger.obj
 0001:0002fc70       _SP_trigger_key            10030c70 f   g_trigger.obj
 0001:0002fd60       _trigger_counter_use       10030d60 f   g_trigger.obj
 0001:0002fea0       _SP_trigger_counter        10030ea0 f   g_trigger.obj
 0001:0002fef0       _SP_trigger_always         10030ef0 f   g_trigger.obj
 0001:0002ff40       _trigger_push_touch        10030f40 f   g_trigger.obj
 0001:000300b0       _SP_trigger_push           100310b0 f   g_trigger.obj
 0001:00030150       _hurt_use                  10031150 f   g_trigger.obj
 0001:000301b0       _hurt_touch                100311b0 f   g_trigger.obj
 0001:00030340       _SP_trigger_hurt           10031340 f   g_trigger.obj
 0001:000303f0       _trigger_gravity_touch     100313f0 f   g_trigger.obj
 0001:00030550       _SP_trigger_gravity        10031550 f   g_trigger.obj
 0001:000305a0       _trigger_monsterjump_touch 100315a0 f   g_trigger.obj
 0001:00030650       _SP_trigger_monsterjump    10031650 f   g_trigger.obj
 0001:000306e0       _G_ProjectSource           100316e0 f   g_utils.obj
 0001:00030770       _G_Find                    10031770 f   g_utils.obj
 0001:00030800       _G_Find_contains           10031800 f   g_utils.obj
 0001:00030890       _findradius                10031890 f   g_utils.obj
 0001:00030980       _G_PickTarget              10031980 f   g_utils.obj
 0001:00030a30       _Think_Delay               10031a30 f   g_utils.obj
 0001:00030a70       _G_UseTargets              10031a70 f   g_utils.obj
 0001:00030d50       _tv                        10031d50 f   g_utils.obj
 0001:00030da0       _vtos                      10031da0 f   g_utils.obj
 0001:00030e10       _G_SetMovedir              10031e10 f   g_utils.obj
 0001:00030ec0       _vectoyaw                  10031ec0 f   g_utils.obj
 0001:00030f80       _vectoangles               10031f80 f   g_utils.obj
 0001:00031110       _G_CopyString              10032110 f   g_utils.obj
 0001:00031160       _G_InitEdict               10032160 f   g_utils.obj
 0001:00031210       _G_Spawn                   10032210 f   g_utils.obj
 0001:00031300       _G_FreeEdict               10032300 f   g_utils.obj
 0001:00031390       _G_TouchTriggers           10032390 f   g_utils.obj
 0001:00031470       _G_TouchSolids             10032470 f   g_utils.obj
 0001:00031530       _KillBox                   10032530 f   g_utils.obj
 0001:00031600       _fire_hit                  10032600 f   g_weapon.obj
 0001:00031990       _fire_bullet               10032990 f   g_weapon.obj
 0001:00032030       _fire_shotgun              10033030 f   g_weapon.obj
 0001:00032090       _blaster_touch             10033090 f   g_weapon.obj
 0001:000321e0       _fire_blaster              100331e0 f   g_weapon.obj
 0001:000325c0       _fire_grenade              100335c0 f   g_weapon.obj
 0001:00032c50       _fire_grenade2             10033c50 f   g_weapon.obj
 0001:00032f30       _rocket_touch              10033f30 f   g_weapon.obj
 0001:00033130       _fire_rocket               10034130 f   g_weapon.obj
 0001:00033320       _fire_rail                 10034320 f   g_weapon.obj
 0001:00033520       _bfg_explode               10034520 f   g_weapon.obj
 0001:00033760       _bfg_touch                 10034760 f   g_weapon.obj
 0001:00033980       _bfg_think                 10034980 f   g_weapon.obj
 0001:00033ce0       _fire_bfg                  10034ce0 f   g_weapon.obj
 0001:00033f00       _ball_Think                10034f00 f   g_weapon.obj
 0001:00033f10       _ball_Touch                10034f10 f   g_weapon.obj
 0001:000340b0       _weapon_ball_fire          100350b0 f   g_weapon.obj
 0001:00034220       _fire_ball                 10035220 f   g_weapon.obj
 0001:000344c0       _spawn_ball                100354c0 f   g_weapon.obj
 0001:00034690       _fire_ball2                10035690 f   g_weapon.obj
 0001:000347e0       _LoadMapList               100357e0 f   jumpmod.obj
 0001:00034d00       _LoadManualList            10035d00 f   jumpmod.obj
 0001:00034ee0       _ShowCurrentManual         10035ee0 f   jumpmod.obj
 0001:00034f90       _ClearMapList              10035f90 f   jumpmod.obj
 0001:00034fe0       _ShowCurrentMaplist        10035fe0 f   jumpmod.obj
 0001:000351c0       _Cmd_Maplist_f             100361c0 f   jumpmod.obj
 0001:00035310       _Cmd_Votelist_f            10036310 f   jumpmod.obj
 0001:000353b0       _ClearTimes                100363b0 f   jumpmod.obj
 0001:000354b0       _EmptyTimes                100364b0 f   jumpmod.obj
 0001:00035540       _UpdateTimes               10036540 f   jumpmod.obj
 0001:00035710       _ClearScores               10036710 f   jumpmod.obj
 0001:000357c0       _UpdateScores              100367c0 f   jumpmod.obj
 0001:00035a50       _UpdateScores2             10036a50 f   jumpmod.obj
 0001:00035c80       _Generate_Highlight_List   10036c80 f   jumpmod.obj
 0001:00035d40       _Highlight_Name            10036d40 f   jumpmod.obj
 0001:00035de0       _Can_highlight_Name        10036de0 f   jumpmod.obj
 0001:00035e50       _ShowMapTimes              10036e50 f   jumpmod.obj
 0001:00036250       _ShowPlayerTimes           10037250 f   jumpmod.obj
 0001:00036530       _ShowPlayerScores          10037530 f   jumpmod.obj
 0001:000368b0       _ShowPlayerMaps            100378b0 f   jumpmod.obj
 0001:00036aa0       _closest_ent               10037aa0 f   jumpmod.obj
 0001:00036bf0       _show_ent_list             10037bf0 f   jumpmod.obj
 0001:00036e20       _AddNewEnt                 10037e20 f   jumpmod.obj
 0001:00036ec0       _ClearNewEnt               10037ec0 f   jumpmod.obj
 0001:00036f00       _WriteEnts                 10037f00 f   jumpmod.obj
 0001:000372f0       _add_ent                   100382f0 f   jumpmod.obj
 0001:00037670       _ClearEnt                  10038670 f   jumpmod.obj
 0001:00037820       _RemoveEnt                 10038820 f   jumpmod.obj
 0001:00037850       _RemoveAllEnts             10038850 f   jumpmod.obj
 0001:00037960       _remove_ent                10038960 f   jumpmod.obj
 0001:00037ac0       _remove_times              10038ac0 f   jumpmod.obj
 0001:00037ad0       _Cmd_Chaseme               10038ad0 f   jumpmod.obj
 0001:00037bf0       _Cmd_Coord_f               10038bf0 f   jumpmod.obj
 0001:00037c40       _Read_Admin_cfg            10038c40 f   jumpmod.obj
 0001:00037e00       _Write_Admin_cfg           10038e00 f   jumpmod.obj
 0001:00037f50       _add_admin                 10038f50 f   jumpmod.obj
 0001:000380d0       _change_admin              100390d0 f   jumpmod.obj
 0001:000381a0       _rem_admin                 100391a0 f   jumpmod.obj
 0001:00038230       _list_admins               10039230 f   jumpmod.obj
 0001:00038420       _Cmd_Commands_f            10039420 f   jumpmod.obj
 0001:00038440       _Cmd_Store_f               10039440 f   jumpmod.obj
 0001:00038960       _Cmd_Time_f                10039960 f   jumpmod.obj
 0001:00038ab0       _Cmd_Reset_f               10039ab0 f   jumpmod.obj
 0001:00038b10       _Cmd_Unadmin               10039b10 f   jumpmod.obj
 0001:00038bc0       _CancelElection            10039bc0 f   jumpmod.obj
 0001:00038c60       _CTFApplyRegeneration2     10039c60 f   jumpmod.obj
 0001:00038db0       _q2a_strlen                10039db0 f   jumpmod.obj
 0001:00038df0       _FindIpAddressInUserInfo   10039df0 f   jumpmod.obj
 0001:00038e90       _cvote                     10039e90 f   jumpmod.obj
 0001:00038f00       _pvote                     10039f00 f   jumpmod.obj
 0001:00038f90       _hook_laser_think          10039f90 f   jumpmod.obj
 0001:00039100       _hook_laser_start          1003a100 f   jumpmod.obj
 0001:00039280       _hook_reset                1003a280 f   jumpmod.obj
 0001:00039310       _hook_cond_reset           1003a310 f   jumpmod.obj
 0001:00039460       _hook_cond_reset_think     1003a460 f   jumpmod.obj
 0001:000394a0       _hook_service              1003a4a0 f   jumpmod.obj
 0001:000395a0       _hook_track                1003a5a0 f   jumpmod.obj
 0001:00039710       _hook_touch                1003a710 f   jumpmod.obj
 0001:00039810       _fire_hook                 1003a810 f   jumpmod.obj
 0001:00039a40       _hook_fire                 1003aa40 f   jumpmod.obj
 0001:00039c50       _CTFSilence                1003ac50 f   jumpmod.obj
 0001:0003a140       _CTFRand                   1003b140 f   jumpmod.obj
 0001:0003a410       _CTFNominate               1003b410 f   jumpmod.obj
 0001:0003a8b0       _get_admin_level           1003b8b0 f   jumpmod.obj
 0001:0003a950       _admin_log                 1003b950 f   jumpmod.obj
 0001:0003aa80       _open_admin_file           1003ba80 f   jumpmod.obj
 0001:0003ab00       _close_admin_file          1003bb00 f   jumpmod.obj
 0001:0003ab30       _BestTimesScoreboardMessage 1003bb30 f   jumpmod.obj
 0001:0003ae60       _OpenFile2                 1003be60 f   jumpmod.obj
 0001:0003aeb0       _CloseFile                 1003beb0 f   jumpmod.obj
 0001:0003aef0       _sort_queue                1003bef0 f   jumpmod.obj
 0001:0003b4c0       _AddUser                   1003c4c0 f   jumpmod.obj
 0001:0003b560       _GetPlayerUid              1003c560 f   jumpmod.obj
 0001:0003b5e0       _GetPlayerUid_NoAdd        1003c5e0 f   jumpmod.obj
 0001:0003b6b0       _sort_users                1003c6b0 f   jumpmod.obj
 0001:0003b7c0       _sort_users_2              1003c7c0 f   jumpmod.obj
 0001:0003b900       _sort_users_4              1003c900 f   jumpmod.obj
 0001:0003baf0       _sort_users_3              1003caf0 f   jumpmod.obj
 0001:0003bbf0       _Jet_AvoidGround           1003cbf0 f   jumpmod.obj
 0001:0003bcd0       _Jet_Active                1003ccd0 f   jumpmod.obj
 0001:0003bd10       _Jet_BecomeExplosion       1003cd10 f   jumpmod.obj
 0001:0003bdc0       _Jet_ApplyLifting          1003cdc0 f   jumpmod.obj
 0001:0003bf40       _Jet_ApplySparks           1003cf40 f   jumpmod.obj
 0001:0003c020       _Jet_ApplyRolling          1003d020 f   jumpmod.obj
 0001:0003c090       _Jet_ApplyJet              1003d090 f   jumpmod.obj
 0001:0003c3d0       _apply_time                1003d3d0 f   jumpmod.obj
 0001:0003c8a0       _Start_Recording           1003d8a0 f   jumpmod.obj
 0001:0003c970       _Stop_Recording            1003d970 f   jumpmod.obj
 0001:0003c9b0       _Save_Recording            1003d9b0 f   jumpmod.obj
 0001:0003cb20       _Save_Individual_Recording 1003db20 f   jumpmod.obj
 0001:0003cc60       _Save_Current_Recording    1003dc60 f   jumpmod.obj
 0001:0003ccc0       _Record_Frame              1003dcc0 f   jumpmod.obj
 0001:0003cf70       _Cmd_Replay                1003df70 f   jumpmod.obj
 0001:0003d320       _Load_Recording            1003e320 f   jumpmod.obj
 0001:0003d4f0       _Load_Individual_Recording 1003e4f0 f   jumpmod.obj
 0001:0003d660       _Replay_Recording          1003e660 f   jumpmod.obj
 0001:0003dec0       _Cmd_Recall                1003eec0 f   jumpmod.obj
 0001:0003e4d0       _List_Admin_Commands       1003f4d0 f   jumpmod.obj
 0001:0003e9a0       _mvote                     1003f9a0 f   jumpmod.obj
 0001:0003f080       _mkadmin                   10040080 f   jumpmod.obj
 0001:0003f2d0       _delete_all_times          100402d0 f   jumpmod.obj
 0001:0003f3a0       _delete_all_demos          100403a0 f   jumpmod.obj
 0001:0003f470       _reset_server              10040470 f   jumpmod.obj
 0001:0003f560       _remtimes                  10040560 f   jumpmod.obj
 0001:0003f790       _List_Box_Types            10040790 f   jumpmod.obj
 0001:0003f7e0       _Add_Box                   100407e0 f   jumpmod.obj
 0001:0003fa70       _Box_Skin                  10040a70 f   jumpmod.obj
 0001:0003fb60       _Move_Box                  10040b60 f   jumpmod.obj
 0001:0003fcb0       _Move_Ent                  10040cb0 f   jumpmod.obj
 0001:000400c0       _Skin_Ent                  100410c0 f   jumpmod.obj
 0001:00040260       _DeleteEnts                10041260 f   jumpmod.obj
 0001:00040350       _Move_Client               10041350 f   jumpmod.obj
 0001:00040450       _BringClient               10041450 f   jumpmod.obj
 0001:00040610       _GotoClient                10041610 f   jumpmod.obj
 0001:000407b0       _Uptime                    100417b0 f   jumpmod.obj
 0001:00040820       _debug_log                 10041820 f   jumpmod.obj
 0001:000408f0       _open_debug_file           100418f0 f   jumpmod.obj
 0001:00040990       _close_debug_file          10041990 f   jumpmod.obj
 0001:000409c0       _generate_random_start_map 100419c0 f   jumpmod.obj
 0001:00040ab0       _List_mset_commands        10041ab0 f   jumpmod.obj
 0001:00040c50       _List_acmd_commands        10041c50 f   jumpmod.obj
 0001:00040e70       _List_gset_commands        10041e70 f   jumpmod.obj
 0001:000410c0       _List_aset_commands        100420c0 f   jumpmod.obj
 0001:00041270       _MSET                      10042270 f   jumpmod.obj
 0001:00041490       _ACMD                      10042490 f   jumpmod.obj
 0001:00041ac0       _GSET                      10042ac0 f   jumpmod.obj
 0001:00041c80       _ASET                      10042c80 f   jumpmod.obj
 0001:00041e10       _writeMapCfgFile           10042e10 f   jumpmod.obj
 0001:00042140       _writeMainCfgFile          10043140 f   jumpmod.obj
 0001:00042310       _readCfgFile               10043310 f   jumpmod.obj
 0001:00042570       _processCommand            10043570 f   jumpmod.obj
 0001:00042770       _CopyGlobalToLocal         10043770 f   jumpmod.obj
 0001:000427a0       _CopyLocalToGlobal         100437a0 f   jumpmod.obj
 0001:000427d0       _SetDefaultValues          100437d0 f   jumpmod.obj
 0001:00042d90       _Add_Remove_Entity         10043d90 f   jumpmod.obj
 0001:00042e60       _List_Remove_Entities      10043e60 f   jumpmod.obj
 0001:00042ee0       _remall_Apply              10043ee0 f   jumpmod.obj
 0001:00042fd0       _remall                    10043fd0 f   jumpmod.obj
 0001:000433b0       _Save_Remove_File          100443b0 f   jumpmod.obj
 0001:000434e0       _Add_Old_Remove_Values     100444e0 f   jumpmod.obj
 0001:00043670       _Load_Remove_File          10044670 f   jumpmod.obj
 0001:000438f0       _Can_Remove_Entity         100448f0 f   jumpmod.obj
 0001:00043960       _autorecord_stop           10044960 f   jumpmod.obj
 0001:000439a0       _autorecord_start          100449a0 f   jumpmod.obj
 0001:00043a20       _autorecord_newtime        10044a20 f   jumpmod.obj
 0001:00043aa0       _autorecord                10044aa0 f   jumpmod.obj
 0001:00043b40       _pause_client              10044b40 f   jumpmod.obj
 0001:00043b60       _unpause_client            10044b60 f   jumpmod.obj
 0001:00043b80       _Apply_Paused_Details      10044b80 f   jumpmod.obj
 0001:00043b90       _Kill_Hard                 10044b90 f   jumpmod.obj
 0001:00044090       _AlignEnt                  10045090 f   jumpmod.obj
 0001:000442f0       _Ghost_Play_Frame          100452f0 f   jumpmod.obj
 0001:000447c0       _shiftent                  100457c0 f   jumpmod.obj
 0001:000449c0       _remtime                   100459c0 f   jumpmod.obj
 0001:00044f10       _cmsg                      10045f10 f   jumpmod.obj
 0001:00044f80       _CTFUnSilence              10045f80 f   jumpmod.obj
 0001:00045170       _Notify_Of_Team_Commands   10046170 f   jumpmod.obj
 0001:00045200       _Cmd_UnadminUser           10046200 f   jumpmod.obj
 0001:00045380       _Cmd_UnadminAll            10046380 f   jumpmod.obj
 0001:00045480       _JumpChase                 10046480 f   jumpmod.obj
 0001:00045640       _SetSpinnyThing            10046640 f   jumpmod.obj
 0001:00045910       _ServerError               10046910 f   jumpmod.obj
 0001:00045940       _FlashLight                10046940 f   jumpmod.obj
 0001:000459b0       _AntiGlue                  100469b0 f   jumpmod.obj
 0001:00045b40       _HighAscii                 10046b40 f   jumpmod.obj
 0001:00045ba0       _Cmd_Show_Help             10046ba0 f   jumpmod.obj
 0001:00045bf0       _Cmd_Show_Glue             10046bf0 f   jumpmod.obj
 0001:00045c40       _SendFlashLight            10046c40 f   jumpmod.obj
 0001:00045df0       _say_person                10046df0 f   jumpmod.obj
 0001:00046030       _addCmdQueue               10047030 f   jumpmod.obj
 0001:000460f0       _getCommandFromQueue       100470f0 f   jumpmod.obj
 0001:00046220       _removeClientCommand       10047220 f   jumpmod.obj
 0001:000462f0       _removeClientCommands      100472f0 f   jumpmod.obj
 0001:00046310       _Random_Teams              10047310 f   jumpmod.obj
 0001:00046490       _OverTime_GiveAll          10047490 f   jumpmod.obj
 0001:00046840       _RemoveAllItems            10047840 f   jumpmod.obj
 0001:000469d0       _Overtime_Kill             100479d0 f   jumpmod.obj
 0001:00046d60       _CTFApplyDegeneration      10047d60 f   jumpmod.obj
 0001:00046ea0       _SelectSpawnPointFromDemo  10047ea0 f   jumpmod.obj
 0001:00046f60       _ForceEveryoneToHard       10047f60 f   jumpmod.obj
 0001:00047050       _ForceEveryoneOutOfChase   10048050 f   jumpmod.obj
 0001:00047110       _SendCenterToAll           10048110 f   jumpmod.obj
 0001:000471a0       _CheckOverTimeRules        100481a0 f   jumpmod.obj
 0001:000473a0       _CheckOverTimeLastManRules 100483a0 f   jumpmod.obj
 0001:00047560       _FindTRecID                10048560 f   jumpmod.obj
 0001:000475c0       _tourney_log               100485c0 f   jumpmod.obj
 0001:000479f0       _open_tourney_file         100489f0 f   jumpmod.obj
 0001:00047d00       _write_tourney_file        10048d00 f   jumpmod.obj
 0001:00048070       _open_users_file           10049070 f   jumpmod.obj
 0001:00048440       _write_users_file          10049440 f   jumpmod.obj
 0001:00048790       _add_item_to_queue         10049790 f   jumpmod.obj
 0001:00048ec0       _read_top10_tourney_log    10049ec0 f   jumpmod.obj
 0001:00049190       _ReadTimes                 1004a190 f   jumpmod.obj
 0001:00049550       _WriteTimes                1004a550 f   jumpmod.obj
 0001:000498e0       _UpdateThisUsersSortedUid  1004a8e0 f   jumpmod.obj
 0001:00049950       _UpdateThisUsersUID        1004a950 f   jumpmod.obj
 0001:00049a20       _Add_Time                  1004aa20 f   jumpmod.obj
 0001:00049c30       _D_Votes                   1004ac30 f   jumpmod.obj
 0001:00049cb0       _WriteMapList              1004acb0 f   jumpmod.obj
 0001:00049dd0       _AddMap                    1004add0 f   jumpmod.obj
 0001:00049fc0       _RemoveMap                 1004afc0 f   jumpmod.obj
 0001:0004a140       _Cmd_RepRepeat             1004b140 f   jumpmod.obj
 0001:0004a1c0       _Cmd_Debug                 1004b1c0 f   jumpmod.obj
 0001:0004a240       _Cmd_UpdateScores          1004b240 f   jumpmod.obj
 0001:0004a290       _NotifyOfNewTag            1004b290 f   jumpmod.obj
 0001:0004a380       _PassTag                   1004b380 f   jumpmod.obj
 0001:0004a4f0       _NewTag                    1004b4f0 f   jumpmod.obj
 0001:0004a620       _TagJoin                   1004b620 f   jumpmod.obj
 0001:0004a720       _TagLeave                  1004b720 f   jumpmod.obj
 0001:0004a810       _PlayTag                   1004b810 f   jumpmod.obj
 0001:0004a860       _GetMID                    1004b860 f   jumpmod.obj
 0001:0004a8c0       _stuff_client              1004b8c0 f   jumpmod.obj
 0001:0004aac0       _SlapClient                1004bac0 f   jumpmod.obj
 0001:0004ad20       _Slap_Him                  1004bd20 f   jumpmod.obj
 0001:0004ae70       _lock_ents                 1004be70 f   jumpmod.obj
 0001:0004afb0       _reset_map_played_count    1004bfb0 f   jumpmod.obj
 0001:0004b010       _add_clip                  1004c010 f   jumpmod.obj
 0001:0004b390       _addmaps                   1004c390 f   jumpmod.obj
 0001:0004b580       _CTFVoteTime               1004c580 f   jumpmod.obj
 0001:0004b9c0       _showfps                   1004c9c0 f   jumpmod.obj
 0001:0004bac0       _get_admin_id              1004cac0 f   jumpmod.obj
 0001:0004bb60       _change_admin_pass         1004cb60 f   jumpmod.obj
 0001:0004bcd0       _Overide_Vote_Maps         1004ccd0 f   jumpmod.obj
 0001:0004c0a0       _sort_maps                 1004d0a0 f   jumpmod.obj
 0001:0004c260       _open_uid_file             1004d260 f   jumpmod.obj
 0001:0004c4f0       _open_uid_file_compare     1004d4f0 f   jumpmod.obj
 0001:0004c880       _write_uid_file            1004d880 f   jumpmod.obj
 0001:0004c9f0       _append_uid_file           1004d9f0 f   jumpmod.obj
 0001:0004cb20       _clear_uid_info            1004db20 f   jumpmod.obj
 0001:0004cb80       _list_mapsleft             1004db80 f   jumpmod.obj
 0001:0004ce60       _list_mapsdone             1004de60 f   jumpmod.obj
 0001:0004d140       _resync                    1004e140 f   jumpmod.obj
 0001:0004d490       _append_added_ini          1004e490 f   jumpmod.obj
 0001:0004d620       _ValidateMap               1004e620 f   jumpmod.obj
 0001:0004d6e0       _HTML_ReadTemplate         1004e6e0 f   jumpmod.obj
 0001:0004d790       _HTML_WriteTemplate        1004e790 f   jumpmod.obj
 0001:0004d7c0       _HTML_WriteBuffer          1004e7c0 f   jumpmod.obj
 0001:0004d7f0       _HTML_Replace              1004e7f0 f   jumpmod.obj
 0001:0004d8b0       _sort_ind_map_recs         1004e8b0 f   jumpmod.obj
 0001:0004d990       _CreateHTML                1004e990 f   jumpmod.obj
 0001:0004f310       _Cmd_Race                  10050310 f   jumpmod.obj
 0001:0004f630       _KillMyRox                 10050630 f   jumpmod.obj
 0001:0004f770       _Cmd_Whois                 10050770 f   jumpmod.obj
 0001:0004f8e0       _Cmd_DummyVote             100508e0 f   jumpmod.obj
 0001:0004fa00       _Cmd_IneyeToggle           10050a00 f   jumpmod.obj
 0001:0004fa70       _CheckIPMatch              10050a70 f   jumpmod.obj
 0001:0004fb10       _LoadBans                  10050b10 f   jumpmod.obj
 0001:0004fc90       _WriteBans                 10050c90 f   jumpmod.obj
 0001:0004fdc0       _ListBans                  10050dc0 f   jumpmod.obj
 0001:0004ff50       _AddBan                    10050f50 f   jumpmod.obj
 0001:00050190       _RemBan                    10051190 f   jumpmod.obj
 0001:00050210       _BanFlags                  10051210 f   jumpmod.obj
 0001:00050380       _ExpireBans                10051380 f   jumpmod.obj
 0001:00050420       _GetBanLevel               10051420 f   jumpmod.obj
 0001:00050500       _ClientIsBanned            10051500 f   jumpmod.obj
 0001:00050530       _AddTempBan                10051530 f   jumpmod.obj
 0001:000505f0       _ApplyBans                 100515f0 f   jumpmod.obj
 0001:000506c0       _reset_maps_completed      100516c0 f   jumpmod.obj
 0001:000507b0       _cmd_test                  100517b0 f   jumpmod.obj
 0001:000507e0       _Update_Added_Time         100517e0 f   jumpmod.obj
 0001:000508b0       _Update_Highscores         100518b0 f   jumpmod.obj
 0001:00050af0       _UpdateVoteMenu            10051af0 f   jumpmod.obj
 0001:00050b80       _ToggleHud                 10051b80 f   jumpmod.obj
 0001:00050c90       _Lastseen_Update           10051c90 f   jumpmod.obj
 0001:00050ce0       _Lastseen_Save             10051ce0 f   jumpmod.obj
 0001:00050e60       _Lastseen_Load             10051e60 f   jumpmod.obj
 0001:00051010       _Lastseen_Command          10052010 f   jumpmod.obj
 0001:00051640       _Get_Timestamp             10052640 f   jumpmod.obj
 0001:00051670       _Cmd_Cleanhud              10052670 f   jumpmod.obj
 0001:000516e0       _Copy_Recording            100526e0 f   jumpmod.obj
 0001:000517c0       _Update_Skill              100527c0 f   jumpmod.obj
 0001:00051a30       _ShowCurrentVotelist       10052a30 f   jumpmod.obj
 0001:00051bf0       _Create_Invis_Skin         10052bf0 f   jumpmod.obj
 0001:00051cf0       _Load_Model_List           10052cf0 f   jumpmod.obj
 0001:00052150       _SkinList                  10053150 f   jumpmod.obj
 0001:00052250       _Compare_Users_Info1       10053250 f   jumpmod.obj
 0001:000523f0       _Compare_Users             100533f0 f   jumpmod.obj
 0001:00052b70       _Update_Next_Maps          10053b70 f   jumpmod.obj
 0001:00052e50       _Apply_Nominated_Map       10053e50 f   jumpmod.obj
 0001:00052ec0       _Change_Ghost_Model        10053ec0 f   jumpmod.obj
 0001:00053170       _Jumpers_Update_Skins      10054170 f   jumpmod.obj
 0001:00053290       _Jumpers_on_off            10054290 f   jumpmod.obj
 0001:000533f0       _FS_CreatePath             100543f0 f   jumpmod.obj
 0001:00053450       _Cmd_1st                   10054450 f   jumpmod.obj
 0001:00053790       _Changename                10054790 f   jumpmod.obj
 0001:000539d0       _Cmd_Stats                 100549d0 f   jumpmod.obj
 0001:00054000       _Sys_Milliseconds          10055000 f   jumpmod.obj
 0001:00054050       _berserk_sight             10055050 f   m_berserk.obj
 0001:00054090       _berserk_search            10055090 f   m_berserk.obj
 0001:000540d0       _berserk_stand             100550d0 f   m_berserk.obj
 0001:000540f0       _berserk_fidget            100550f0 f   m_berserk.obj
 0001:00054170       _berserk_walk              10055170 f   m_berserk.obj
 0001:00054190       _berserk_run               10055190 f   m_berserk.obj
 0001:000541d0       _berserk_attack_spike      100551d0 f   m_berserk.obj
 0001:00054210       _berserk_swing             10055210 f   m_berserk.obj
 0001:00054250       _berserk_attack_club       10055250 f   m_berserk.obj
 0001:000542b0       _berserk_strike            100552b0 f   m_berserk.obj
 0001:000542c0       _berserk_melee             100552c0 f   m_berserk.obj
 0001:00054310       _berserk_pain              10055310 f   m_berserk.obj
 0001:00054400       _berserk_dead              10055400 f   m_berserk.obj
 0001:000544b0       _berserk_die               100554b0 f   m_berserk.obj
 0001:00054610       _SP_monster_berserk        10055610 f   m_berserk.obj
 0001:00054820       _Use_Boss3                 10055820 f   m_boss3.obj
 0001:00054880       _Think_Boss3Stand          10055880 f   m_boss3.obj
 0001:000548d0       _SP_monster_boss3_stand    100558d0 f   m_boss3.obj
 0001:000549d0       _flipper_stand             100559d0 f   m_flipper.obj
 0001:000549f0       _flipper_run_loop          100559f0 f   m_flipper.obj
 0001:00054a10       _flipper_run               10055a10 f   m_flipper.obj
 0001:00054a30       _flipper_walk              10055a30 f   m_flipper.obj
 0001:00054a50       _flipper_start_run         10055a50 f   m_flipper.obj
 0001:00054a70       _flipper_bite              10055a70 f   m_flipper.obj
 0001:00054ab0       _flipper_preattack         10055ab0 f   m_flipper.obj
 0001:00054af0       _flipper_melee             10055af0 f   m_flipper.obj
 0001:00054b10       _flipper_pain              10055b10 f   m_flipper.obj
 0001:00054c20       _flipper_dead              10055c20 f   m_flipper.obj
 0001:00054cd0       _flipper_sight             10055cd0 f   m_flipper.obj
 0001:00054d10       _flipper_die               10055d10 f   m_flipper.obj
 0001:00054e50       _SP_monster_flipper        10055e50 f   m_flipper.obj
 0001:00055050       _gunner_idlesound          10056050 f   m_gunner.obj
 0001:00055090       _gunner_sight              10056090 f   m_gunner.obj
 0001:000550d0       _gunner_search             100560d0 f   m_gunner.obj
 0001:00055110       _gunner_fidget             10056110 f   m_gunner.obj
 0001:00055160       _gunner_stand              10056160 f   m_gunner.obj
 0001:00055180       _gunner_walk               10056180 f   m_gunner.obj
 0001:000551a0       _gunner_run                100561a0 f   m_gunner.obj
 0001:000551e0       _gunner_runandshoot        100561e0 f   m_gunner.obj
 0001:00055200       _gunner_pain               10056200 f   m_gunner.obj
 0001:00055310       _gunner_dead               10056310 f   m_gunner.obj
 0001:000553c0       _gunner_die                100563c0 f   m_gunner.obj
 0001:00055500       _gunner_duck_down          10056500 f   m_gunner.obj
 0001:000555d0       _gunner_duck_hold          100565d0 f   m_gunner.obj
 0001:00055630       _gunner_duck_up            10056630 f   m_gunner.obj
 0001:00055690       _gunner_dodge              10056690 f   m_gunner.obj
 0001:000556f0       _gunner_opengun            100566f0 f   m_gunner.obj
 0001:00055730       _GunnerFire                10056730 f   m_gunner.obj
 0001:00055740       _GunnerGrenade             10056740 f   m_gunner.obj
 0001:00055750       _gunner_attack             10056750 f   m_gunner.obj
 0001:000557d0       _gunner_fire_chain         100567d0 f   m_gunner.obj
 0001:000557f0       _gunner_refire_chain       100567f0 f   m_gunner.obj
 0001:00055870       _SP_monster_gunner         10056870 f   m_gunner.obj
 0001:00055ab0       _infantry_stand            10056ab0 f   m_infantry.obj
 0001:00055ad0       _infantry_fidget           10056ad0 f   m_infantry.obj
 0001:00055b20       _infantry_walk             10056b20 f   m_infantry.obj
 0001:00055b40       _infantry_run              10056b40 f   m_infantry.obj
 0001:00055b80       _infantry_pain             10056b80 f   m_infantry.obj
 0001:00055c90       _InfantryMachineGun        10056c90 f   m_infantry.obj
 0001:00055ca0       _infantry_sight            10056ca0 f   m_infantry.obj
 0001:00055ce0       _infantry_dead             10056ce0 f   m_infantry.obj
 0001:00055d90       _infantry_die              10056d90 f   m_infantry.obj
 0001:00055f60       _infantry_duck_down        10056f60 f   m_infantry.obj
 0001:00055ff0       _infantry_duck_hold        10056ff0 f   m_infantry.obj
 0001:00056050       _infantry_duck_up          10057050 f   m_infantry.obj
 0001:000560b0       _infantry_dodge            100570b0 f   m_infantry.obj
 0001:00056110       _infantry_cock_gun         10057110 f   m_infantry.obj
 0001:00056170       _infantry_fire             10057170 f   m_infantry.obj
 0001:000561e0       _infantry_swing            100571e0 f   m_infantry.obj
 0001:00056220       _infantry_smack            10057220 f   m_infantry.obj
 0001:000562a0       _infantry_attack           100572a0 f   m_infantry.obj
 0001:000562f0       _SP_monster_infantry       100572f0 f   m_infantry.obj
 0001:00056550       _insane_fist               10057550 f   m_insane.obj
 0001:00056590       _insane_shake              10057590 f   m_insane.obj
 0001:000565d0       _insane_moan               100575d0 f   m_insane.obj
 0001:00056610       _insane_scream             10057610 f   m_insane.obj
 0001:00056660       _insane_cross              10057660 f   m_insane.obj
 0001:000566b0       _insane_walk               100576b0 f   m_insane.obj
 0001:00056750       _insane_run                10057750 f   m_insane.obj
 0001:000567f0       _insane_pain               100577f0 f   m_insane.obj
 0001:00056910       _insane_onground           10057910 f   m_insane.obj
 0001:00056930       _insane_checkdown          10057930 f   m_insane.obj
 0001:000569c0       _insane_checkup            100579c0 f   m_insane.obj
 0001:00056a20       _insane_stand              10057a20 f   m_insane.obj
 0001:00056ad0       _insane_dead               10057ad0 f   m_insane.obj
 0001:00056ba0       _insane_die                10057ba0 f   m_insane.obj
 0001:00056d20       _SP_misc_insane            10057d20 f   m_insane.obj
 0001:00057050       _M_CheckBottom             10058050 f   m_move.obj
 0001:00057370       _SV_movestep               10058370 f   m_move.obj
 0001:00057980       _M_ChangeYaw               10058980 f   m_move.obj
 0001:00057a90       _SV_StepDirection          10058a90 f   m_move.obj
 0001:00057bc0       _SV_FixCheckBottom         10058bc0 f   m_move.obj
 0001:00057bf0       _SV_NewChaseDir            10058bf0 f   m_move.obj
 0001:00057fc0       _SV_CloseEnough            10058fc0 f   m_move.obj
 0001:00058050       _M_MoveToGoal              10059050 f   m_move.obj
 0001:00058110       _M_walkmove                10059110 f   m_move.obj
 0001:000581a0       _mutant_step               100591a0 f   m_mutant.obj
 0001:00058250       _mutant_sight              10059250 f   m_mutant.obj
 0001:00058290       _mutant_search             10059290 f   m_mutant.obj
 0001:000582d0       _mutant_swing              100592d0 f   m_mutant.obj
 0001:00058310       _mutant_stand              10059310 f   m_mutant.obj
 0001:00058330       _mutant_idle_loop          10059330 f   m_mutant.obj
 0001:00058370       _mutant_idle               10059370 f   m_mutant.obj
 0001:000583c0       _mutant_walk_loop          100593c0 f   m_mutant.obj
 0001:000583e0       _mutant_walk               100593e0 f   m_mutant.obj
 0001:00058400       _mutant_run                10059400 f   m_mutant.obj
 0001:00058440       _mutant_hit_left           10059440 f   m_mutant.obj
 0001:000584f0       _mutant_hit_right          100594f0 f   m_mutant.obj
 0001:000585a0       _mutant_check_refire       100595a0 f   m_mutant.obj
 0001:00058640       _mutant_melee              10059640 f   m_mutant.obj
 0001:00058660       _mutant_jump_touch         10059660 f   m_mutant.obj
 0001:000587c0       _mutant_jump_takeoff       100597c0 f   m_mutant.obj
 0001:000588a0       _mutant_check_landing      100598a0 f   m_mutant.obj
 0001:00058940       _mutant_jump               10059940 f   m_mutant.obj
 0001:00058960       _mutant_check_melee        10059960 f   m_mutant.obj
 0001:000589a0       _mutant_check_jump         100599a0 f   m_mutant.obj
 0001:00058ac0       _mutant_checkattack        10059ac0 f   m_mutant.obj
 0001:00058b40       _mutant_pain               10059b40 f   m_mutant.obj
 0001:00058ca0       _mutant_dead               10059ca0 f   m_mutant.obj
 0001:00058d50       _mutant_die                10059d50 f   m_mutant.obj
 0001:00058ed0       _SP_monster_mutant         10059ed0 f   m_mutant.obj
 0001:00059170       _soldier_idle              1005a170 f   m_soldier.obj
 0001:000591d0       _soldier_cock              1005a1d0 f   m_soldier.obj
 0001:00059240       _soldier_stand             1005a240 f   m_soldier.obj
 0001:000592a0       _soldier_walk1_random      1005a2a0 f   m_soldier.obj
 0001:000592e0       _soldier_walk              1005a2e0 f   m_soldier.obj
 0001:00059330       _soldier_run               1005a330 f   m_soldier.obj
 0001:000593b0       _soldier_pain              1005a3b0 f   m_soldier.obj
 0001:000595a0       _soldier_fire              1005a5a0 f   m_soldier.obj
 0001:000595b0       _soldier_fire1             1005a5b0 f   m_soldier.obj
 0001:000595c0       _soldier_attack1_refire1   1005a5c0 f   m_soldier.obj
 0001:00059660       _soldier_attack1_refire2   1005a660 f   m_soldier.obj
 0001:000596f0       _soldier_fire2             1005a6f0 f   m_soldier.obj
 0001:00059710       _soldier_attack2_refire1   1005a710 f   m_soldier.obj
 0001:000597b0       _soldier_attack2_refire2   1005a7b0 f   m_soldier.obj
 0001:00059840       _soldier_duck_down         1005a840 f   m_soldier.obj
 0001:000598d0       _soldier_duck_up           1005a8d0 f   m_soldier.obj
 0001:00059930       _soldier_fire3             1005a930 f   m_soldier.obj
 0001:00059960       _soldier_attack3_refire    1005a960 f   m_soldier.obj
 0001:000599a0       _soldier_fire4             1005a9a0 f   m_soldier.obj
 0001:000599c0       _soldier_fire8             1005a9c0 f   m_soldier.obj
 0001:000599e0       _soldier_attack6_refire    1005a9e0 f   m_soldier.obj
 0001:00059a50       _soldier_attack            1005aa50 f   m_soldier.obj
 0001:00059ac0       _soldier_sight             1005aac0 f   m_soldier.obj
 0001:00059bb0       _soldier_duck_hold         1005abb0 f   m_soldier.obj
 0001:00059c10       _soldier_dodge             1005ac10 f   m_soldier.obj
 0001:00059d60       _soldier_fire6             1005ad60 f   m_soldier.obj
 0001:00059d80       _soldier_fire7             1005ad80 f   m_soldier.obj
 0001:00059da0       _soldier_dead              1005ada0 f   m_soldier.obj
 0001:00059e50       _soldier_die               1005ae50 f   m_soldier.obj
 0001:0005a090       _SP_monster_soldier_x      1005b090 f   m_soldier.obj
 0001:0005a250       _SP_monster_soldier_light  1005b250 f   m_soldier.obj
 0001:0005a2e0       _SP_monster_soldier        1005b2e0 f   m_soldier.obj
 0001:0005a360       _SP_monster_soldier_ss     1005b360 f   m_soldier.obj
 0001:0005a3e0       _SP_info_player_start      1005b3e0 f   p_client.obj
 0001:0005a560       _SP_info_player_deathmatch 1005b560 f   p_client.obj
 0001:0005a5a0       _SP_info_player_coop       1005b5a0 f   p_client.obj
 0001:0005a840       _SP_info_player_intermission 1005b840 f   p_client.obj
 0001:0005a850       _player_pain               1005b850 f   p_client.obj
 0001:0005a860       _IsFemale                  1005b860 f   p_client.obj
 0001:0005a8c0       _ClientObituary            1005b8c0 f   p_client.obj
 0001:0005adf0       _TossClientWeapon          1005bdf0 f   p_client.obj
 0001:0005b000       _LookAtKiller              1005c000 f   p_client.obj
 0001:0005b180       _player_die                1005c180 f   p_client.obj
 0001:0005b610       _InitClientPersistant      1005c610 f   p_client.obj
 0001:0005b7c0       _InitClientResp            1005c7c0 f   p_client.obj
 0001:0005b870       _SaveClientData            1005c870 f   p_client.obj
 0001:0005b960       _FetchClientEntData        1005c960 f   p_client.obj
 0001:0005b9f0       _PlayersRangeFromSpot      1005c9f0 f   p_client.obj
 0001:0005bac0       _SelectRandomDeathmatchSpawnPoint 1005cac0 f   p_client.obj
 0001:0005bc00       _SelectFarthestDeathmatchSpawnPoint 1005cc00 f   p_client.obj
 0001:0005bca0       _SelectDeathmatchSpawnPoint 1005cca0 f   p_client.obj
 0001:0005bce0       _SelectCoopSpawnPoint      1005cce0 f   p_client.obj
 0001:0005bd90       _SelectSpawnPoint          1005cd90 f   p_client.obj
 0001:0005bf00       _body_die                  1005cf00 f   p_client.obj
 0001:0005bf80       _respawn                   1005cf80 f   p_client.obj
 0001:0005c0e0       _give_item                 1005d0e0 f   p_client.obj
 0001:0005c1c0       _PutClientInServer         1005d1c0 f   p_client.obj
 0001:0005cc90       _AutoPutClientInServer     1005dc90 f   p_client.obj
 0001:0005d4f0       _ClientBeginDeathmatch     1005e4f0 f   p_client.obj
 0001:0005d6d0       _ClientBegin               1005e6d0 f   p_client.obj
 0001:0005d8e0       _ClientUserinfoChanged     1005e8e0 f   p_client.obj
 0001:0005dc50       _ClientConnect             1005ec50 f   p_client.obj
 0001:0005dfe0       _ClientDisconnect          1005efe0 f   p_client.obj
 0001:0005e1d0       _PM_trace                  1005f1d0 f   p_client.obj
 0001:0005e270       _PM_trace2                 1005f270 f   p_client.obj
 0001:0005e310       _CheckBlock                1005f310 f   p_client.obj
 0001:0005e360       _PrintPmove                1005f360 f   p_client.obj
 0001:0005e3c0       _ClientThink               1005f3c0 f   p_client.obj
 0001:0005f5b0       _Generate_Race_Data        100605b0 f   p_client.obj
 0001:0005f6f0       _ClientBeginServerFrame    100606f0 f   p_client.obj
 0001:0005f8d0       _MoveClientToIntermission  100608d0 f   p_hud.obj
 0001:0005fb20       _BeginIntermission         10060b20 f   p_hud.obj
 0001:0005ffa0       _DeathmatchScoreboardMessage 10060fa0 f   p_hud.obj
 0001:00060400       _DeathmatchScoreboard      10061400 f   p_hud.obj
 0001:00060440       _BestTimesScoreboard       10061440 f   p_hud.obj
 0001:00060480       _Cmd_Score_f               10061480 f   p_hud.obj
 0001:00060550       _Cmd_Score2_f              10061550 f   p_hud.obj
 0001:00060620       _HelpComputer              10061620 f   p_hud.obj
 0001:00060740       _Cmd_Help_f                10061740 f   p_hud.obj
 0001:00060800       _G_SetStats                10061800 f   p_hud.obj
 0001:00061000       _PMenu_Open                10062000 f   p_menu.obj
 0001:000611a0       _PMenu_Close               100621a0 f   p_menu.obj
 0001:00061270       _PMenu_UpdateEntry         10062270 f   p_menu.obj
 0001:000612c0       _PMenu_Do_Update           100622c0 f   p_menu.obj
 0001:00061590       _PMenu_Update              10062590 f   p_menu.obj
[...]
 0003:00d1fee8       _ESF_debug                 10e06ee8     <common>
 0003:00d1feec       _enemy_vis                 10e06eec     <common>
 0003:00d1fef0       ___sbh_initialized         10e06ef0     <common>
 0003:00d1fef4       ___sbh_cntHeaderList       10e06ef4     <common>
 0003:00d1fef8       ___sbh_pHeaderList         10e06ef8     <common>
 0003:00d1fefc       ___sbh_threshold           10e06efc     <common>
 0003:00d1ff00       ___sbh_pHeaderScan         10e06f00     <common>
 0003:00d1ff04       ___sbh_sizeHeaderList      10e06f04     <common>
 0003:00d1ff08       ___sbh_indGroupDefer       10e06f08     <common>
 0003:00d1ff0c       __pfnReportHook            10e06f0c     <common>
 0003:00d1ff10       __pReportHookListW         10e06f10     <common>
 0003:00d1ff14       __pReportHookList          10e06f14     <common>
 0003:00d1ff18       __debugger_hook_dummy      10e06f18     <common>
 0003:00d1ff1c       ___active_heap             10e06f1c     <common>
 0003:00d1ff20       ___env_initialized         10e06f20     <common>
 0003:00d1ff24       ___onexitend               10e06f24     <common>
 0003:00d1ff28       ___onexitbegin             10e06f28     <common>
 0003:00d1ff2c       ___mbctype_initialized     10e06f2c     <common>
 0003:00d1ff30       ___dyn_tls_init_callback   10e06f30     <common>
 0003:00d1ff34       __nhandle                  10e06f34     <common>
 0003:00d1ff40       ___pioinfo                 10e06f40     <common>
 0003:00d20040       ___setlc_active            10e07040     <common>
 0003:00d20044       ___unguarded_readlc_active 10e07044     <common>
 0003:00d20048       ___piob                    10e07048     <common>
 0003:00d20060       __bufin                    10e07060     <common>
 0003:00d21060       __nstream                  10e08060     <common>
 0003:00d21064       ___use_sse2_mathfcns       10e08064     <common>
 0003:00d21068       __pmatherr                 10e08068     <common>
 0003:00d2106c       ___sse2_available          10e0806c     <common>
 0003:00d21070       __acmdln                   10e08070     <common>

 entry point at        0001:00073a50

 Static symbols

 0001:000069a0       _CheckPowerArmor           100079a0 f   g_combat.obj
 0001:00006bd0       _CheckArmor                10007bd0 f   g_combat.obj
 0001:00007db0       _loc_CanSee                10008db0 f   g_ctf.obj
 0001:00007ed0       _loc_buildboxpoints        10008ed0 f   g_ctf.obj
 0001:00008800       _CTFFlagThink              10009800 f   g_ctf.obj
 0001:00009610       _CTFSetIDView              1000a610 f   g_ctf.obj
 0001:0000b970       _TechThink                 1000c970 f   g_ctf.obj
 0001:0000b9e0       _FindTechSpawn             1000c9e0 f   g_ctf.obj
 0001:0000bb90       _SpawnTech                 1000cb90 f   g_ctf.obj
 0001:0000bde0       _SpawnTechs                1000cde0 f   g_ctf.obj
 0001:0000ca70       _CTFSay_Team_Location      1000da70 f   g_ctf.obj
 0001:0000cf90       _loc_findradius            1000df90 f   g_ctf.obj
 0001:0000d070       _CTFSay_Team_Armor         1000e070 f   g_ctf.obj
 0001:0000d1a0       _CTFSay_Team_Health        1000e1a0 f   g_ctf.obj
 0001:0000d1f0       _CTFSay_Team_Tech          1000e1f0 f   g_ctf.obj
 0001:0000d290       _CTFSay_Team_Weapon        1000e290 f   g_ctf.obj
 0001:0000d2e0       _CTFSay_Team_Sight         1000e2e0 f   g_ctf.obj
 0001:0000d550       _misc_ctf_banner_think     1000e550 f   g_ctf.obj
 0001:0000f7a0       _SetLevelName              100107a0 f   g_ctf.obj
 0001:00010880       _old_teleporter_touch      10011880 f   g_ctf.obj
 0001:0001ce40       _drop_temp_touch           1001de40 f   g_items.obj
 0001:0001ce80       _drop_make_touchable       1001de80 f   g_items.obj
 0001:000210b0       _ctime                     100220b0 f   g_main.obj
 0001:000210d0       _time                      100220d0 f   g_main.obj
 0001:00022770       _light_use                 10023770 f   g_misc.obj
 0001:00025aa0       _localtime                 10026aa0 f   g_misc.obj
 0001:00025ac0       _time                      10026ac0 f   g_misc.obj
 0001:00025ae0       _func_clock_reset          10026ae0 f   g_misc.obj
 0001:00025b60       _func_clock_format_countdown 10026b60 f   g_misc.obj
 0001:00026b40       _M_FliesOn                 10027b40 f   g_monster.obj
 0001:00026bb0       _M_FliesOff                10027bb0 f   g_monster.obj
 0001:0002a980       _time                      1002b980 f   g_save.obj
 0001:0002d2c0       _StringToFilter            1002e2c0 f   g_svcmds.obj
 0001:000319d0       _fire_lead                 100329d0 f   g_weapon.obj
 0001:00032460       _check_dodge               10033460 f   g_weapon.obj
 0001:00032820       _Grenade_Explode           10033820 f   g_weapon.obj
 0001:00032b10       _Grenade_Touch             10033b10 f   g_weapon.obj
 0001:00034cc0       _localtime                 10035cc0 f   jumpmod.obj
 0001:00034ce0       _time                      10035ce0 f   jumpmod.obj
 0001:0004ff30       _ctime                     10050f30 f   jumpmod.obj
 0001:0005a440       _SP_CreateCoopSpots        1005b440 f   p_client.obj
 0001:0005a750       _SP_FixCoopSpots           1005b750 f   p_client.obj
 0001:00065950       _Weapon_Generic2           10066950 f   p_weapon.obj
 0001:0006a930       _localtime                 1006b930 f   zb_util.obj
 0001:0006a950       _time                      1006b950 f   zb_util.obj
 0001:0006b910       _shortsort                 1006c910 f   LIBCMTD:qsort.obj
 0001:0006b980       _swap                      1006c980 f   LIBCMTD:qsort.obj
 0001:0006e770       _vscan_fn                  1006f770 f   LIBCMTD:sscanf.obj
 0001:0006fb30       ?strtoxl@@YAKPAUlocaleinfo_struct@@PBDPAPBDHH@Z 10070b30 f   LIBCMTD:strtol.obj
 0001:00070310       _flsall                    10071310 f   LIBCMTD:fflush.obj
 0001:00071900       _cmpBYTE                   10072900 f   LIBCMTD:memcmp.obj
 0001:00071930       _cmpResult                 10072930 f   LIBCMTD:memcmp.obj
 0001:00071950       _unaligned_memcmp          10072950 f   LIBCMTD:memcmp.obj
 0001:00072060       _cmpWORD                   10073060 f   LIBCMTD:memcmp.obj
 0001:000720e0       _cmpDWORD                  100730e0 f   LIBCMTD:memcmp.obj
 0001:00072e40       _store_dt                  10073e40 f   LIBCMTD:asctime.obj
 0001:00073a80       ___DllMainCRTStartup       10074a80 f   LIBCMTD:dllcrt0.obj
 0001:000741a0       __cftoe2_l                 100751a0 f   LIBCMTD:cvt.obj
 0001:00074f30       __cftof2_l                 10075f30 f   LIBCMTD:cvt.obj
 0001:00075510       __shift                    10076510 f   LIBCMTD:cvt.obj
 0001:000760e0       _has_osfxsr_set            100770e0 f   LIBCMTD:cpu_disp.obj
 0001:00077730       _write_char                10078730 f   LIBCMTD:output.obj
 0001:000777d0       _write_multi_char          100787d0 f   LIBCMTD:output.obj
 0001:00077810       _write_string              10078810 f   LIBCMTD:output.obj
 0001:00079010       ?strtoxq@@YA_KPAUlocaleinfo_struct@@PBDPAPBDHH@Z 1007a010 f   LIBCMTD:strtoq.obj
 0001:0007a370       _fastzero_I                1007b370 f   LIBCMTD:p4_memset.obj
 0001:0007b030       __get_fname                1007c030 f   LIBCMTD:_fpexcept_.obj
 0001:0007b770       _fastcopy_I                1007c770 f   LIBCMTD:p4_memcpy.obj
 0001:0007b8b0       __nh_malloc_dbg_impl       1007c8b0 f   LIBCMTD:dbgheap.obj
 0001:0007b940       __heap_alloc_dbg_impl      1007c940 f   LIBCMTD:dbgheap.obj
 0001:0007bf50       _realloc_help              1007cf50 f   LIBCMTD:dbgheap.obj
 0001:0007d060       _CheckBytes                1007e060 f   LIBCMTD:dbgheap.obj
 0001:0007de80       ?_CrtMemDumpAllObjectsSince_stat@@YAXPBU_CrtMemState@@PAUlocaleinfo_struct@@@Z 1007ee80 f   LIBCMTD:dbgheap.obj
 0001:0007e190       __printMemBlockData        1007f190 f   LIBCMTD:dbgheap.obj
 0001:0007f490       _ValidateLocalCookies      10080490 f   LIBCMTD:chandler4.obj
 0001:00083890       _write_char                10084890 f   LIBCMTD:outputp.obj
 0001:00083930       _write_multi_char          10084930 f   LIBCMTD:outputp.obj
 0001:00083970       _write_string              10084970 f   LIBCMTD:outputp.obj
 0001:00083bb0       __tzset_nolock             10084bb0 f   LIBCMTD:tzset.obj
 0001:000841c0       __isindst_nolock           100851c0 f   LIBCMTD:tzset.obj
 0001:00084520       _cvtdate                   10085520 f   LIBCMTD:tzset.obj
 0001:00088680       __unwind_handler4          10089680 f   LIBCMTD:exsup4.obj
 0001:00088e40       ?getSystemCP@@YAHH@Z       10089e40 f   LIBCMTD:mbctype.obj
 0001:000892a0       ?CPtoLCID@@YAHH@Z          1008a2a0 f   LIBCMTD:mbctype.obj
 0001:00089320       ?setSBCS@@YAXPAUthreadmbcinfostruct@@@Z 1008a320 f   LIBCMTD:mbctype.obj
 0001:00089400       ?setSBUpLow@@YAXPAUthreadmbcinfostruct@@@Z 1008a400 f   LIBCMTD:mbctype.obj
 0001:00089e00       __updatetlocinfoEx_nolock  1008ae00 f   LIBCMTD:setlocal.obj
 0001:0008a370       __copytlocinfo_nolock      1008b370 f   LIBCMTD:setlocal.obj
 0001:0008a790       _sync_legacy_variables_lk  1008b790 f   LIBCMTD:setlocal.obj
 0001:0008a810       __setlocale_nolock         1008b810 f   LIBCMTD:setlocal.obj
 0001:0008ac00       __setlocale_set_cat        1008bc00 f   LIBCMTD:setlocal.obj
 0001:0008b130       __setlocale_get_all        1008c130 f   LIBCMTD:setlocal.obj
 0001:0008e270       ___check_float_string      1008f270 f   LIBCMTD:input.obj
 0001:0008e390       __hextodec                 1008f390 f   LIBCMTD:input.obj
 0001:0008e3d0       __inc                      1008f3d0 f   LIBCMTD:input.obj
 0001:0008e430       __un_inc                   1008f430 f   LIBCMTD:input.obj
 0001:0008e450       __whiteout                 1008f450 f   LIBCMTD:input.obj
 0001:0008ffa0       ___check_float_string      10090fa0 f   LIBCMTD:inputs.obj
 0001:000900a0       __hextodec                 100910a0 f   LIBCMTD:inputs.obj
 0001:000900e0       __inc                      100910e0 f   LIBCMTD:inputs.obj
 0001:00090140       __un_inc                   10091140 f   LIBCMTD:inputs.obj
 0001:00090160       __whiteout                 10091160 f   LIBCMTD:inputs.obj
 0001:00091320       ?CatchGuardHandler@@YA?AW4_EXCEPTION_DISPOSITION@@PAUEHExceptionRecord@@PAUCatchGuardRN@@PAX2@Z 10092320 f   LIBCMTD:_trnsctrl_.obj
 0001:00091460       ?TranslatorGuardHandler@@YA?AW4_EXCEPTION_DISPOSITION@@PAUEHExceptionRecord@@PAUTranslatorGuardRN@@PAX2@Z 10092460 f   LIBCMTD:_trnsctrl_.obj
 0001:00092b70       ?__crtLCMapStringA_stat@@YAHPAUlocaleinfo_struct@@KKPBDHPADHHH@Z 10093b70 f   LIBCMTD:a_map.obj
 0001:00093110       ?strncnt@@YAHPBDH@Z        10094110 f   LIBCMTD:a_map.obj
 0001:000938c0       _doexit                    100948c0 f   LIBCMTD:crt0dat.obj
 0001:00093bf0       __initterm                 10094bf0 f   LIBCMTD:crt0dat.obj
 0001:00094110       _parse_cmdline             10095110 f   LIBCMTD:stdargv.obj
 0001:00094b60       _xcptlookup                10095b60 f   LIBCMTD:winxfltr.obj
 0001:00097a50       _ctrlevent_capture@4       10098a50 f   LIBCMTD:winsig.obj
 0001:00097e50       _siglookup                 10098e50 f   LIBCMTD:winsig.obj
 0001:00099c00       _write_char                1009ac00 f   LIBCMTD:outputs.obj
 0001:00099ca0       _write_multi_char          1009aca0 f   LIBCMTD:outputs.obj
 0001:00099ce0       _write_string              1009ace0 f   LIBCMTD:outputs.obj
 0001:0009aa80       __is_LFH_enabled           1009ba80 f   LIBCMTD:expand.obj
 0001:0009db90       __getenv_s_helper          1009eb90 f   LIBCMTD:getenv.obj
 0001:0009de00       __dupenv_s_helper          1009ee00 f   LIBCMTD:getenv.obj
 0001:0009f900       __tsopen_nolock            100a0900 f   LIBCMTD:open.obj
 0001:000a1258       __unwind_handler           100a2258 f   LIBCMTD:exsup.obj
 0001:000a1af0       ?__crtGetStringTypeA_stat@@YAHPAUlocaleinfo_struct@@KPBDHPAGHHH@Z 100a2af0 f   LIBCMTD:a_str.obj
 0001:000a1e70       __get_lc_time              100a2e70 f   LIBCMTD:inittime.obj
 0001:000a2a90       _fix_grouping              100a3a90 f   LIBCMTD:initnum.obj
 0001:000a3000       _fix_grouping              100a4000 f   LIBCMTD:initmon.obj
 0001:000a3fd0       ?_expandtime@@YAHPAUlocaleinfo_struct@@DPBUtm@@PAPADPAIPAU__lc_time_data@@I@Z 100a4fd0 f   LIBCMTD:strftime.obj
 0001:000a4fa0       ?_store_str@@YAXPADPAPADPAI@Z 100a5fa0 f   LIBCMTD:strftime.obj
 0001:000a4ff0       ?_store_num@@YAXHHPAPADPAII@Z 100a5ff0 f   LIBCMTD:strftime.obj
 0001:000a50a0       ?_store_number@@YAXHPAPADPAI@Z 100a60a0 f   LIBCMTD:strftime.obj
 0001:000a5150       ?_store_winword@@YAHPAUlocaleinfo_struct@@HPBUtm@@PAPADPAIPAU__lc_time_data@@@Z 100a6150 f   LIBCMTD:strftime.obj
 0001:000a60e0       _TranslateName             100a70e0 f   LIBCMTD:getqloc.obj
 0001:000a6170       _GetLcidFromLangCountry    100a7170 f   LIBCMTD:getqloc.obj
 0001:000a6230       _LangCountryEnumProc@4     100a7230 f   LIBCMTD:getqloc.obj
 0001:000a6670       _GetLcidFromLanguage       100a7670 f   LIBCMTD:getqloc.obj
 0001:000a66f0       _LanguageEnumProc@4        100a76f0 f   LIBCMTD:getqloc.obj
 0001:000a6890       _GetLcidFromCountry        100a7890 f   LIBCMTD:getqloc.obj
 0001:000a68e0       _CountryEnumProc@4         100a78e0 f   LIBCMTD:getqloc.obj
 0001:000a69e0       _GetLcidFromDefault        100a79e0 f   LIBCMTD:getqloc.obj
 0001:000a6a20       _ProcessCodePage           100a7a20 f   LIBCMTD:getqloc.obj
 0001:000a6af0       _TestDefaultCountry        100a7af0 f   LIBCMTD:getqloc.obj
 0001:000a6b40       _TestDefaultLanguage       100a7b40 f   LIBCMTD:getqloc.obj
 0001:000a6be0       _LcidFromHexString         100a7be0 f   LIBCMTD:getqloc.obj
 0001:000a6c60       _GetPrimaryLen             100a7c60 f   LIBCMTD:getqloc.obj
 0001:000a7350       ?FindHandler@@YAXPAUEHExceptionRecord@@PAUEHRegistrationNode@@PAU_CONTEXT@@PAXPBU_s_FuncInfo@@EH1@Z 100a8350 f   LIBCMTD:frame.obj
 0001:000a78a0       ?FindHandlerForForeignException@@YAXPAUEHExceptionRecord@@PAUEHRegistrationNode@@PAU_CONTEXT@@PAXPBU_s_FuncInfo@@HH1@Z 100a88a0 f   LIBCMTD:frame.obj
 0001:000a7cd0       ?CatchIt@@YAXPAUEHExceptionRecord@@PAUEHRegistrationNode@@PAU_CONTEXT@@PAXPBU_s_FuncInfo@@PBU_s_HandlerType@@PBU_s_CatchableType@@PBU_s_TryBlockMapEntry@@H1E@Z 100a8cd0 f   LIBCMTD:frame.obj
 0001:000a7d90       ?CallCatchBlock@@YAPAXPAUEHExceptionRecord@@PAUEHRegistrationNode@@PAU_CONTEXT@@PBU_s_FuncInfo@@PAXHK@Z 100a8d90 f   LIBCMTD:frame.obj
 0001:000a8020       ?ExFilterRethrow@@YAHPAU_EXCEPTION_POINTERS@@@Z 100a9020 f   LIBCMTD:frame.obj
 0001:000a8c80       ?IsInExceptionSpec@@YAEPAUEHExceptionRecord@@PBU_s_ESTypeList@@@Z 100a9c80 f   LIBCMTD:frame.obj
 0001:000a8d40       ?CallUnexpected@@YAXPBU_s_ESTypeList@@@Z 100a9d40 f   LIBCMTD:frame.obj
 0001:000a8d8e       __catch$?CallUnexpected@@YAXPBU_s_ESTypeList@@@Z$0 100a9d8e f   LIBCMTD:frame.obj
 0001:000a8dd0       ?Is_bad_exception_allowed@@YAEPBU_s_ESTypeList@@@Z 100a9dd0 f   LIBCMTD:frame.obj
 0001:000a9eb0       __onexit_nolock            100aaeb0 f   LIBCMTD:onexit.obj
 0001:000aa870       ?x_ismbbtype_l@@YAHPAUlocaleinfo_struct@@IHH@Z 100ab870 f   LIBCMTD:ismbbyte.obj
 0001:000aac90       __abstract_cw              100abc90 f   LIBCMTD:_ieee87_.obj
 0001:000aade0       __hw_cw                    100abde0 f   LIBCMTD:_ieee87_.obj
 0001:000aaf40       __abstract_sw              100abf40 f   LIBCMTD:_ieee87_.obj
 0001:000aafd0       ___statusfp_sse2           100abfd0 f   LIBCMTD:_ieee87_.obj
 0001:000aaff0       ___clearfp_sse2            100abff0 f   LIBCMTD:_ieee87_.obj
 0001:000ab020       ___control87_sse2          100ac020 f   LIBCMTD:_ieee87_.obj
 0001:000ab0a0       ___abstract_cw_sse2        100ac0a0 f   LIBCMTD:_ieee87_.obj
 0001:000ab1f0       ___hw_cw_sse2              100ac1f0 f   LIBCMTD:_ieee87_.obj
 0001:000ab340       ___abstract_sw_sse2        100ac340 f   LIBCMTD:_ieee87_.obj
 0001:000ab3d0       ___fpreset_sse2            100ac3d0 f   LIBCMTD:_ieee87_.obj
 0001:000ab9d0       ?DebuggerProbe@@YAHK@Z     100ac9d0 f   LIBCMTD:_error_.obj
 0001:000abac0       ?failwithmessage@@YAXPAXHHPBD@Z 100acac0 f   LIBCMTD:_error_.obj
 0001:000abcd0       ?DebuggerRuntime@@YAHKHPAXPB_W@Z 100accd0 f   LIBCMTD:_error_.obj
 0001:000abfb0       ?_getMemBlockDataString@@YAXPAD00I@Z 100acfb0 f   LIBCMTD:_error_.obj
 0001:000ac8e0       _xtoa_s@20                 100ad8e0 f   LIBCMTD:xtoas.obj
 0001:000acd00       @x64toa_s@24               100add00 f   LIBCMTD:xtoas.obj
 0001:000ad560       ?wcsncnt@@YAIPB_WI@Z       100ae560 f   LIBCMTD:wcstombs.obj
 0001:000ae7a0       _xtow_s@20                 100af7a0 f   LIBCMTD:xtows.obj
 0001:000aebd0       @x64tow_s@24               100afbd0 f   LIBCMTD:xtows.obj
 0001:000b0060       _write_char                100b1060 f   LIBCMTD:woutput.obj
 0001:000b00c0       _write_multi_char          100b10c0 f   LIBCMTD:woutput.obj
 0001:000b0100       _write_string              100b1100 f   LIBCMTD:woutput.obj
 0001:000b2870       ?__crtGetStringTypeW_stat@@YAHPAUlocaleinfo_struct@@KPB_WHPAGHH@Z 100b3870 f   LIBCMTD:w_str.obj
 0001:000b28f0       ?__crtGetLocaleInfoW_stat@@YAHPAUlocaleinfo_struct@@KKPA_WHH@Z 100b38f0 f   LIBCMTD:w_loc.obj
 0001:000b2960       ?__crtGetLocaleInfoA_stat@@YAHPAUlocaleinfo_struct@@KKPADHH@Z 100b3960 f   LIBCMTD:a_loc.obj
 0001:000b2db0       ?GetPdbDll@@YAPAUHINSTANCE__@@XZ 100b3db0 f   LIBCMTD:_pdblkup_.obj
 0001:000b4250       _write_char                100b5250 f   LIBCMTD:woutputs.obj
 0001:000b42b0       _write_multi_char          100b52b0 f   LIBCMTD:woutputs.obj
 0001:000b42f0       _write_string              100b52f0 f   LIBCMTD:woutputs.obj
 0001:000b7c20       _write_char                100b8c20 f   LIBCMTD:woutputp.obj
 0001:000b7c80       _write_multi_char          100b8c80 f   LIBCMTD:woutputp.obj
 0001:000b7cc0       _write_string              100b8cc0 f   LIBCMTD:woutputp.obj
 0001:000b81c0       ?__crtCompareStringA_stat@@YAHPAUlocaleinfo_struct@@KKPBDH1HH@Z 100b91c0 f   LIBCMTD:a_cmp.obj
 0001:000b86d0       ?strncnt@@YAHPBDH@Z        100b96d0 f   LIBCMTD:a_cmp.obj
 0001:000b8e90       _findenv                   100b9e90 f   LIBCMTD:setenv.obj
 0001:000b8f10       _copy_environ              100b9f10 f   LIBCMTD:setenv.obj
 0001:000b9770       ?wcstoxl@@YAKPAUlocaleinfo_struct@@PB_WPAPB_WHH@Z 100ba770 f   LIBCMTD:wcstol.obj
 0001:000c36a0       ?und_strlen@@YAIPBD@Z      100c46a0 f   LIBCMTD:undname.obj
 0001:000c36e0       ?und_memcpy@@YAXPADPBDI@Z  100c46e0 f   LIBCMTD:undname.obj
 0001:000c3720       ?und_strncmp@@YAIPBD0I@Z   100c4720 f   LIBCMTD:undname.obj
 0001:000c3e50       __unwindfunclet$?strtoxl@@YAKPAUlocaleinfo_struct@@PBDPAPBDHH@Z$0 100c4e50 f   LIBCMTD:strtol.obj
 0001:000c3e58       __ehhandler$?strtoxl@@YAKPAUlocaleinfo_struct@@PBDPAPBDHH@Z 100c4e58 f   LIBCMTD:strtol.obj
 0001:000c3e80       __unwindfunclet$?strtoxq@@YA_KPAUlocaleinfo_struct@@PBDPAPBDHH@Z$0 100c4e80 f   LIBCMTD:strtoq.obj
 0001:000c3e88       __ehhandler$?strtoxq@@YA_KPAUlocaleinfo_struct@@PBDPAPBDHH@Z 100c4e88 f   LIBCMTD:strtoq.obj
 0001:000c3eb0       __unwindfunclet$?getSystemCP@@YAHH@Z$0 100c4eb0 f   LIBCMTD:mbctype.obj
 0001:000c3eb8       __ehhandler$?getSystemCP@@YAHH@Z 100c4eb8 f   LIBCMTD:mbctype.obj
 0001:000c3ee0       __ehhandler$?CallUnexpected@@YAXPBU_s_ESTypeList@@@Z 100c4ee0 f   LIBCMTD:frame.obj
 0001:000c3f00       __unwindfunclet$?x_ismbbtype_l@@YAHPAUlocaleinfo_struct@@IHH@Z$0 100c4f00 f   LIBCMTD:ismbbyte.obj
 0001:000c3f08       __ehhandler$?x_ismbbtype_l@@YAHPAUlocaleinfo_struct@@IHH@Z 100c4f08 f   LIBCMTD:ismbbyte.obj
 0001:000c3f30       __unwindfunclet$?wcstoxl@@YAKPAUlocaleinfo_struct@@PB_WPAPB_WHH@Z$0 100c4f30 f   LIBCMTD:wcstol.obj
 0001:000c3f38       __ehhandler$?wcstoxl@@YAKPAUlocaleinfo_struct@@PB_WPAPB_WHH@Z 100c4f38 f   LIBCMTD:wcstol.obj
 0001:000c3f60       __unwindfunclet$?make@DNameStatusNode@@SAPAV1@W4DNameStatus@@@Z$0 100c4f60 f   LIBCMTD:undname.obj
 0001:000c3f6e       __ehhandler$?make@DNameStatusNode@@SAPAV1@W4DNameStatus@@@Z 100c4f6e f   LIBCMTD:undname.obj
